Archive member included to satisfy reference by file (symbol)

d:/stm32/stm32cubeide_1.7.0/stm32cubeide/plugins/com.st.stm32cube.ide.mcu.externaltools.gnu-tools-for-stm32.9-2020-q2-update.win32_2.0.0.202105311346/tools/bin/../lib/gcc/arm-none-eabi/9.3.1/../../../../arm-none-eabi/lib/thumb/v7-m/nofp\libc_nano.a(lib_a-errno.o)
                              ./Core/Src/syscalls.o (__errno)
d:/stm32/stm32cubeide_1.7.0/stm32cubeide/plugins/com.st.stm32cube.ide.mcu.externaltools.gnu-tools-for-stm32.9-2020-q2-update.win32_2.0.0.202105311346/tools/bin/../lib/gcc/arm-none-eabi/9.3.1/../../../../arm-none-eabi/lib/thumb/v7-m/nofp\libc_nano.a(lib_a-exit.o)
                              d:/stm32/stm32cubeide_1.7.0/stm32cubeide/plugins/com.st.stm32cube.ide.mcu.externaltools.gnu-tools-for-stm32.9-2020-q2-update.win32_2.0.0.202105311346/tools/bin/../lib/gcc/arm-none-eabi/9.3.1/../../../../arm-none-eabi/lib/thumb/v7-m/nofp/crt0.o (exit)
d:/stm32/stm32cubeide_1.7.0/stm32cubeide/plugins/com.st.stm32cube.ide.mcu.externaltools.gnu-tools-for-stm32.9-2020-q2-update.win32_2.0.0.202105311346/tools/bin/../lib/gcc/arm-none-eabi/9.3.1/../../../../arm-none-eabi/lib/thumb/v7-m/nofp\libc_nano.a(lib_a-impure.o)
                              d:/stm32/stm32cubeide_1.7.0/stm32cubeide/plugins/com.st.stm32cube.ide.mcu.externaltools.gnu-tools-for-stm32.9-2020-q2-update.win32_2.0.0.202105311346/tools/bin/../lib/gcc/arm-none-eabi/9.3.1/../../../../arm-none-eabi/lib/thumb/v7-m/nofp\libc_nano.a(lib_a-exit.o) (_global_impure_ptr)
d:/stm32/stm32cubeide_1.7.0/stm32cubeide/plugins/com.st.stm32cube.ide.mcu.externaltools.gnu-tools-for-stm32.9-2020-q2-update.win32_2.0.0.202105311346/tools/bin/../lib/gcc/arm-none-eabi/9.3.1/../../../../arm-none-eabi/lib/thumb/v7-m/nofp\libc_nano.a(lib_a-init.o)
                              d:/stm32/stm32cubeide_1.7.0/stm32cubeide/plugins/com.st.stm32cube.ide.mcu.externaltools.gnu-tools-for-stm32.9-2020-q2-update.win32_2.0.0.202105311346/tools/bin/../lib/gcc/arm-none-eabi/9.3.1/../../../../arm-none-eabi/lib/thumb/v7-m/nofp/crt0.o (__libc_init_array)
d:/stm32/stm32cubeide_1.7.0/stm32cubeide/plugins/com.st.stm32cube.ide.mcu.externaltools.gnu-tools-for-stm32.9-2020-q2-update.win32_2.0.0.202105311346/tools/bin/../lib/gcc/arm-none-eabi/9.3.1/../../../../arm-none-eabi/lib/thumb/v7-m/nofp\libc_nano.a(lib_a-memset.o)
                              d:/stm32/stm32cubeide_1.7.0/stm32cubeide/plugins/com.st.stm32cube.ide.mcu.externaltools.gnu-tools-for-stm32.9-2020-q2-update.win32_2.0.0.202105311346/tools/bin/../lib/gcc/arm-none-eabi/9.3.1/../../../../arm-none-eabi/lib/thumb/v7-m/nofp/crt0.o (memset)

Allocating common symbols
Common symbol       size              file

uwTick              0x4               ./Drivers/STM32F1xx_HAL_Driver/Src/stm32f1xx_hal.o
pFlash              0x20              ./Drivers/STM32F1xx_HAL_Driver/Src/stm32f1xx_hal_flash.o
htim2               0x48              ./Core/Src/main.o

Discarded input sections

 .text          0x0000000000000000        0x0 d:/stm32/stm32cubeide_1.7.0/stm32cubeide/plugins/com.st.stm32cube.ide.mcu.externaltools.gnu-tools-for-stm32.9-2020-q2-update.win32_2.0.0.202105311346/tools/bin/../lib/gcc/arm-none-eabi/9.3.1/thumb/v7-m/nofp/crti.o
 .data          0x0000000000000000        0x0 d:/stm32/stm32cubeide_1.7.0/stm32cubeide/plugins/com.st.stm32cube.ide.mcu.externaltools.gnu-tools-for-stm32.9-2020-q2-update.win32_2.0.0.202105311346/tools/bin/../lib/gcc/arm-none-eabi/9.3.1/thumb/v7-m/nofp/crti.o
 .bss           0x0000000000000000        0x0 d:/stm32/stm32cubeide_1.7.0/stm32cubeide/plugins/com.st.stm32cube.ide.mcu.externaltools.gnu-tools-for-stm32.9-2020-q2-update.win32_2.0.0.202105311346/tools/bin/../lib/gcc/arm-none-eabi/9.3.1/thumb/v7-m/nofp/crti.o
 .data          0x0000000000000000        0x4 d:/stm32/stm32cubeide_1.7.0/stm32cubeide/plugins/com.st.stm32cube.ide.mcu.externaltools.gnu-tools-for-stm32.9-2020-q2-update.win32_2.0.0.202105311346/tools/bin/../lib/gcc/arm-none-eabi/9.3.1/thumb/v7-m/nofp/crtbegin.o
 .text          0x0000000000000000       0x7c d:/stm32/stm32cubeide_1.7.0/stm32cubeide/plugins/com.st.stm32cube.ide.mcu.externaltools.gnu-tools-for-stm32.9-2020-q2-update.win32_2.0.0.202105311346/tools/bin/../lib/gcc/arm-none-eabi/9.3.1/../../../../arm-none-eabi/lib/thumb/v7-m/nofp/crt0.o
 .data          0x0000000000000000        0x0 d:/stm32/stm32cubeide_1.7.0/stm32cubeide/plugins/com.st.stm32cube.ide.mcu.externaltools.gnu-tools-for-stm32.9-2020-q2-update.win32_2.0.0.202105311346/tools/bin/../lib/gcc/arm-none-eabi/9.3.1/../../../../arm-none-eabi/lib/thumb/v7-m/nofp/crt0.o
 .bss           0x0000000000000000        0x0 d:/stm32/stm32cubeide_1.7.0/stm32cubeide/plugins/com.st.stm32cube.ide.mcu.externaltools.gnu-tools-for-stm32.9-2020-q2-update.win32_2.0.0.202105311346/tools/bin/../lib/gcc/arm-none-eabi/9.3.1/../../../../arm-none-eabi/lib/thumb/v7-m/nofp/crt0.o
[...]
Memory Configuration

Name             Origin             Length             Attributes
RAM              0x0000000020000000 0x0000000000002800 xrw
FLASH            0x0000000008000000 0x0000000000008000 xr
*default*        0x0000000000000000 0xffffffffffffffff

Linker script and memory map

LOAD d:/stm32/stm32cubeide_1.7.0/stm32cubeide/plugins/com.st.stm32cube.ide.mcu.externaltools.gnu-tools-for-stm32.9-2020-q2-update.win32_2.0.0.202105311346/tools/bin/../lib/gcc/arm-none-eabi/9.3.1/thumb/v7-m/nofp/crti.o
LOAD d:/stm32/stm32cubeide_1.7.0/stm32cubeide/plugins/com.st.stm32cube.ide.mcu.externaltools.gnu-tools-for-stm32.9-2020-q2-update.win32_2.0.0.202105311346/tools/bin/../lib/gcc/arm-none-eabi/9.3.1/thumb/v7-m/nofp/crtbegin.o
LOAD d:/stm32/stm32cubeide_1.7.0/stm32cubeide/plugins/com.st.stm32cube.ide.mcu.externaltools.gnu-tools-for-stm32.9-2020-q2-update.win32_2.0.0.202105311346/tools/bin/../lib/gcc/arm-none-eabi/9.3.1/../../../../arm-none-eabi/lib/thumb/v7-m/nofp/crt0.o
LOAD ./Core/Src/button.o
LOAD ./Core/Src/fsm_led_blink.o
LOAD ./Core/Src/fsm_mode.o
LOAD ./Core/Src/fsm_traffic_light.o
LOAD ./Core/Src/global.o
LOAD ./Core/Src/main.o
LOAD ./Core/Src/software_timer.o
LOAD ./Core/Src/stm32f1xx_hal_msp.o
LOAD ./Core/Src/stm32f1xx_it.o
LOAD ./Core/Src/syscalls.o
LOAD ./Core/Src/sysmem.o
LOAD ./Core/Src/system_stm32f1xx.o
LOAD ./Core/Startup/startup_stm32f103c6tx.o
LOAD ./Drivers/STM32F1xx_HAL_Driver/Src/stm32f1xx_hal.o
LOAD ./Drivers/STM32F1xx_HAL_Driver/Src/stm32f1xx_hal_cortex.o
LOAD ./Drivers/STM32F1xx_HAL_Driver/Src/stm32f1xx_hal_dma.o
LOAD ./Drivers/STM32F1xx_HAL_Driver/Src/stm32f1xx_hal_exti.o
LOAD ./Drivers/STM32F1xx_HAL_Driver/Src/stm32f1xx_hal_flash.o
LOAD ./Drivers/STM32F1xx_HAL_Driver/Src/stm32f1xx_hal_flash_ex.o
LOAD ./Drivers/STM32F1xx_HAL_Driver/Src/stm32f1xx_hal_gpio.o
LOAD ./Drivers/STM32F1xx_HAL_Driver/Src/stm32f1xx_hal_gpio_ex.o
LOAD ./Drivers/STM32F1xx_HAL_Driver/Src/stm32f1xx_hal_pwr.o
LOAD ./Drivers/STM32F1xx_HAL_Driver/Src/stm32f1xx_hal_rcc.o
LOAD ./Drivers/STM32F1xx_HAL_Driver/Src/stm32f1xx_hal_rcc_ex.o
LOAD ./Drivers/STM32F1xx_HAL_Driver/Src/stm32f1xx_hal_tim.o
LOAD ./Drivers/STM32F1xx_HAL_Driver/Src/stm32f1xx_hal_tim_ex.o
START GROUP
LOAD d:/stm32/stm32cubeide_1.7.0/stm32cubeide/plugins/com.st.stm32cube.ide.mcu.externaltools.gnu-tools-for-stm32.9-2020-q2-update.win32_2.0.0.202105311346/tools/bin/../lib/gcc/arm-none-eabi/9.3.1/../../../../arm-none-eabi/lib/thumb/v7-m/nofp\libc_nano.a
LOAD d:/stm32/stm32cubeide_1.7.0/stm32cubeide/plugins/com.st.stm32cube.ide.mcu.externaltools.gnu-tools-for-stm32.9-2020-q2-update.win32_2.0.0.202105311346/tools/bin/../lib/gcc/arm-none-eabi/9.3.1/../../../../arm-none-eabi/lib/thumb/v7-m/nofp\libm.a
END GROUP
START GROUP
LOAD d:/stm32/stm32cubeide_1.7.0/stm32cubeide/plugins/com.st.stm32cube.ide.mcu.externaltools.gnu-tools-for-stm32.9-2020-q2-update.win32_2.0.0.202105311346/tools/bin/../lib/gcc/arm-none-eabi/9.3.1/thumb/v7-m/nofp\libgcc.a
LOAD d:/stm32/stm32cubeide_1.7.0/stm32cubeide/plugins/com.st.stm32cube.ide.mcu.externaltools.gnu-tools-for-stm32.9-2020-q2-update.win32_2.0.0.202105311346/tools/bin/../lib/gcc/arm-none-eabi/9.3.1/../../../../arm-none-eabi/lib/thumb/v7-m/nofp\libc_nano.a
END GROUP
START GROUP
LOAD d:/stm32/stm32cubeide_1.7.0/stm32cubeide/plugins/com.st.stm32cube.ide.mcu.externaltools.gnu-tools-for-stm32.9-2020-q2-update.win32_2.0.0.202105311346/tools/bin/../lib/gcc/arm-none-eabi/9.3.1/thumb/v7-m/nofp\libgcc.a
LOAD d:/stm32/stm32cubeide_1.7.0/stm32cubeide/plugins/com.st.stm32cube.ide.mcu.externaltools.gnu-tools-for-stm32.9-2020-q2-update.win32_2.0.0.202105311346/tools/bin/../lib/gcc/arm-none-eabi/9.3.1/../../../../arm-none-eabi/lib/thumb/v7-m/nofp\libc_nano.a
LOAD d:/stm32/stm32cubeide_1.7.0/stm32cubeide/plugins/com.st.stm32cube.ide.mcu.externaltools.gnu-tools-for-stm32.9-2020-q2-update.win32_2.0.0.202105311346/tools/bin/../lib/gcc/arm-none-eabi/9.3.1/../../../../arm-none-eabi/lib/thumb/v7-m/nofp\libnosys.a
END GROUP
START GROUP
LOAD d:/stm32/stm32cubeide_1.7.0/stm32cubeide/plugins/com.st.stm32cube.ide.mcu.externaltools.gnu-tools-for-stm32.9-2020-q2-update.win32_2.0.0.202105311346/tools/bin/../lib/gcc/arm-none-eabi/9.3.1/thumb/v7-m/nofp\libgcc.a
LOAD d:/stm32/stm32cubeide_1.7.0/stm32cubeide/plugins/com.st.stm32cube.ide.mcu.externaltools.gnu-tools-for-stm32.9-2020-q2-update.win32_2.0.0.202105311346/tools/bin/../lib/gcc/arm-none-eabi/9.3.1/../../../../arm-none-eabi/lib/thumb/v7-m/nofp\libc_nano.a
LOAD d:/stm32/stm32cubeide_1.7.0/stm32cubeide/plugins/com.st.stm32cube.ide.mcu.externaltools.gnu-tools-for-stm32.9-2020-q2-update.win32_2.0.0.202105311346/tools/bin/../lib/gcc/arm-none-eabi/9.3.1/../../../../arm-none-eabi/lib/thumb/v7-m/nofp\libnosys.a
END GROUP
LOAD d:/stm32/stm32cubeide_1.7.0/stm32cubeide/plugins/com.st.stm32cube.ide.mcu.externaltools.gnu-tools-for-stm32.9-2020-q2-update.win32_2.0.0.202105311346/tools/bin/../lib/gcc/arm-none-eabi/9.3.1/thumb/v7-m/nofp/crtend.o
LOAD d:/stm32/stm32cubeide_1.7.0/stm32cubeide/plugins/com.st.stm32cube.ide.mcu.externaltools.gnu-tools-for-stm32.9-2020-q2-update.win32_2.0.0.202105311346/tools/bin/../lib/gcc/arm-none-eabi/9.3.1/thumb/v7-m/nofp/crtn.o
                0x0000000020002800                _estack = (ORIGIN (RAM) + LENGTH (RAM))
                0x0000000000000200                _Min_Heap_Size = 0x200
                0x0000000000000400                _Min_Stack_Size = 0x400

.isr_vector     0x0000000008000000      0x10c
                0x0000000008000000                . = ALIGN (0x4)
 *(.isr_vector)
 .isr_vector    0x0000000008000000      0x10c ./Core/Startup/startup_stm32f103c6tx.o
                0x0000000008000000                g_pfnVectors
                0x000000000800010c                . = ALIGN (0x4)

.text           0x000000000800010c     0x333c
                0x000000000800010c                . = ALIGN (0x4)
 *(.text)
 .text          0x000000000800010c       0x40 d:/stm32/stm32cubeide_1.7.0/stm32cubeide/plugins/com.st.stm32cube.ide.mcu.externaltools.gnu-tools-for-stm32.9-2020-q2-update.win32_2.0.0.202105311346/tools/bin/../lib/gcc/arm-none-eabi/9.3.1/thumb/v7-m/nofp/crtbegin.o
 *(.text*)
 .text.isButtonPressed
                0x000000000800014c       0x34 ./Core/Src/button.o
                0x000000000800014c                isButtonPressed
 .text.subKeyProcess
                0x0000000008000180       0x20 ./Core/Src/button.o
                0x0000000008000180                subKeyProcess
 .text.button_detector
                0x00000000080001a0       0x5c ./Core/Src/button.o
                0x00000000080001a0                button_detector
 .text.getKeyInput
                0x00000000080001fc       0xec ./Core/Src/button.o
                0x00000000080001fc                getKeyInput
 .text.blink_led
                0x00000000080002e8       0x68 ./Core/Src/fsm_led_blink.o
                0x00000000080002e8                blink_led
 .text.switch_enable_trigger
                0x0000000008000350       0x30 ./Core/Src/fsm_led_blink.o
                0x0000000008000350                switch_enable_trigger
 .text.mode_7seg_display
                0x0000000008000380       0x68 ./Core/Src/fsm_led_blink.o
                0x0000000008000380                mode_7seg_display
 .text.fsm_led_blink
                0x00000000080003e8       0xf0 ./Core/Src/fsm_led_blink.o
                0x00000000080003e8                fsm_led_blink
 .text.reset_led
                0x00000000080004d8       0x48 ./Core/Src/fsm_mode.o
                0x00000000080004d8                reset_led
 .text.mode_button_scan
                0x0000000008000520       0xa8 ./Core/Src/fsm_mode.o
                0x0000000008000520                mode_button_scan
 .text.increase_button_scan
                0x00000000080005c8       0xa8 ./Core/Src/fsm_mode.o
                0x00000000080005c8                increase_button_scan
 .text.reality_balance_red
                0x0000000008000670       0x44 ./Core/Src/fsm_mode.o
                0x0000000008000670                reality_balance_red
 .text.reality_balance_green
                0x00000000080006b4       0x44 ./Core/Src/fsm_mode.o
                0x00000000080006b4                reality_balance_green
 .text.reality_balance_set
                0x00000000080006f8       0x40 ./Core/Src/fsm_mode.o
                0x00000000080006f8                reality_balance_set
 .text.set_button_scan
                0x0000000008000738       0x48 ./Core/Src/fsm_mode.o
                0x0000000008000738                set_button_scan
 .text.fsm_mode
                0x0000000008000780       0x84 ./Core/Src/fsm_mode.o
                0x0000000008000780                fsm_mode
 .text.display_7_seg_north_south
                0x0000000008000804      0x3e4 ./Core/Src/fsm_traffic_light.o
                0x0000000008000804                display_7_seg_north_south
 .text.display_7_seg_east_west
                0x0000000008000be8      0x3f0 ./Core/Src/fsm_traffic_light.o
                0x0000000008000be8                display_7_seg_east_west
 .text.display_traffic_led
                0x0000000008000fd8      0x12c ./Core/Src/fsm_traffic_light.o
                0x0000000008000fd8                display_traffic_led
 .text.tmp_val_init
                0x0000000008001104       0x64 ./Core/Src/fsm_traffic_light.o
                0x0000000008001104                tmp_val_init
 .text.tmp_val_overload
                0x0000000008001168       0x7c ./Core/Src/fsm_traffic_light.o
                0x0000000008001168                tmp_val_overload
 .text.number_processing
                0x00000000080011e4       0x48 ./Core/Src/fsm_traffic_light.o
                0x00000000080011e4                number_processing
 .text.timer_scan_7seg
                0x000000000800122c       0x70 ./Core/Src/fsm_traffic_light.o
                0x000000000800122c                timer_scan_7seg
 .text.enable_trigger_scan
                0x000000000800129c       0x40 ./Core/Src/fsm_traffic_light.o
                0x000000000800129c                enable_trigger_scan
 .text.enable_display_7seg
                0x00000000080012dc       0xc8 ./Core/Src/fsm_traffic_light.o
                0x00000000080012dc                enable_display_7seg
 .text.fsm_traffic_light
                0x00000000080013a4      0x5bc ./Core/Src/fsm_traffic_light.o
                0x00000000080013a4                fsm_traffic_light
 .text.main     0x0000000008001960       0x24 ./Core/Src/main.o
                0x0000000008001960                main
 .text.SystemClock_Config
                0x0000000008001984       0x76 ./Core/Src/main.o
                0x0000000008001984                SystemClock_Config
 *fill*         0x00000000080019fa        0x2 
 .text.MX_TIM2_Init
                0x00000000080019fc       0x98 ./Core/Src/main.o
 .text.MX_GPIO_Init
                0x0000000008001a94       0xe0 ./Core/Src/main.o
 .text.HAL_TIM_PeriodElapsedCallback
                0x0000000008001b74       0x18 ./Core/Src/main.o
                0x0000000008001b74                HAL_TIM_PeriodElapsedCallback
 .text.Error_Handler
                0x0000000008001b8c        0xa ./Core/Src/main.o
                0x0000000008001b8c                Error_Handler
 *fill*         0x0000000008001b96        0x2 
 .text.Set_timer
                0x0000000008001b98       0x30 ./Core/Src/software_timer.o
                0x0000000008001b98                Set_timer
 .text.Run_timer
                0x0000000008001bc8       0x64 ./Core/Src/software_timer.o
                0x0000000008001bc8                Run_timer
 .text.HAL_MspInit
                0x0000000008001c2c       0x64 ./Core/Src/stm32f1xx_hal_msp.o
                0x0000000008001c2c                HAL_MspInit
 .text.HAL_TIM_Base_MspInit
                0x0000000008001c90       0x48 ./Core/Src/stm32f1xx_hal_msp.o
                0x0000000008001c90                HAL_TIM_Base_MspInit
 .text.NMI_Handler
                0x0000000008001cd8        0x6 ./Core/Src/stm32f1xx_it.o
                0x0000000008001cd8                NMI_Handler
 .text.HardFault_Handler
                0x0000000008001cde        0x6 ./Core/Src/stm32f1xx_it.o
                0x0000000008001cde                HardFault_Handler
 .text.MemManage_Handler
                0x0000000008001ce4        0x6 ./Core/Src/stm32f1xx_it.o
                0x0000000008001ce4                MemManage_Handler
 .text.BusFault_Handler
                0x0000000008001cea        0x6 ./Core/Src/stm32f1xx_it.o
                0x0000000008001cea                BusFault_Handler
 .text.UsageFault_Handler
                0x0000000008001cf0        0x6 ./Core/Src/stm32f1xx_it.o
                0x0000000008001cf0                UsageFault_Handler
 .text.SVC_Handler
                0x0000000008001cf6        0xc ./Core/Src/stm32f1xx_it.o
                0x0000000008001cf6                SVC_Handler
 .text.DebugMon_Handler
                0x0000000008001d02        0xc ./Core/Src/stm32f1xx_it.o
                0x0000000008001d02                DebugMon_Handler
 .text.PendSV_Handler
                0x0000000008001d0e        0xc ./Core/Src/stm32f1xx_it.o
                0x0000000008001d0e                PendSV_Handler
 .text.SysTick_Handler
                0x0000000008001d1a        0xc ./Core/Src/stm32f1xx_it.o
                0x0000000008001d1a                SysTick_Handler
 *fill*         0x0000000008001d26        0x2 
 .text.TIM2_IRQHandler
                0x0000000008001d28       0x14 ./Core/Src/stm32f1xx_it.o
                0x0000000008001d28                TIM2_IRQHandler
 .text.SystemInit
                0x0000000008001d3c        0xc ./Core/Src/system_stm32f1xx.o
                0x0000000008001d3c                SystemInit
 .text.Reset_Handler
                0x0000000008001d48       0x48 ./Core/Startup/startup_stm32f103c6tx.o
                0x0000000008001d48                Reset_Handler
 .text.Default_Handler
                0x0000000008001d90        0x2 ./Core/Startup/startup_stm32f103c6tx.o
                0x0000000008001d90                RTC_Alarm_IRQHandler
                0x0000000008001d90                EXTI2_IRQHandler
                0x0000000008001d90                TIM1_CC_IRQHandler
                0x0000000008001d90                PVD_IRQHandler
                0x0000000008001d90                EXTI3_IRQHandler
                0x0000000008001d90                EXTI0_IRQHandler
                0x0000000008001d90                ADC1_2_IRQHandler
                0x0000000008001d90                SPI1_IRQHandler
                0x0000000008001d90                TAMPER_IRQHandler
                0x0000000008001d90                DMA1_Channel4_IRQHandler
                0x0000000008001d90                RTC_IRQHandler
                0x0000000008001d90                DMA1_Channel7_IRQHandler
                0x0000000008001d90                CAN1_RX1_IRQHandler
                0x0000000008001d90                I2C1_EV_IRQHandler
                0x0000000008001d90                DMA1_Channel6_IRQHandler
                0x0000000008001d90                TIM3_IRQHandler
                0x0000000008001d90                RCC_IRQHandler
                0x0000000008001d90                TIM1_TRG_COM_IRQHandler
                0x0000000008001d90                DMA1_Channel1_IRQHandler
                0x0000000008001d90                Default_Handler
                0x0000000008001d90                EXTI15_10_IRQHandler
                0x0000000008001d90                EXTI9_5_IRQHandler
                0x0000000008001d90                DMA1_Channel5_IRQHandler
                0x0000000008001d90                EXTI4_IRQHandler
                0x0000000008001d90                USB_LP_CAN1_RX0_IRQHandler
                0x0000000008001d90                USB_HP_CAN1_TX_IRQHandler
                0x0000000008001d90                DMA1_Channel3_IRQHandler
                0x0000000008001d90                TIM1_UP_IRQHandler
                0x0000000008001d90                WWDG_IRQHandler
                0x0000000008001d90                TIM1_BRK_IRQHandler
                0x0000000008001d90                EXTI1_IRQHandler
                0x0000000008001d90                USART2_IRQHandler
                0x0000000008001d90                DMA1_Channel2_IRQHandler
                0x0000000008001d90                CAN1_SCE_IRQHandler
                0x0000000008001d90                FLASH_IRQHandler
                0x0000000008001d90                USART1_IRQHandler
                0x0000000008001d90                I2C1_ER_IRQHandler
                0x0000000008001d90                USBWakeUp_IRQHandler
 *fill*         0x0000000008001d92        0x2 
 .text.HAL_Init
                0x0000000008001d94       0x2c ./Drivers/STM32F1xx_HAL_Driver/Src/stm32f1xx_hal.o
                0x0000000008001d94                HAL_Init
 .text.HAL_InitTick
                0x0000000008001dc0       0x60 ./Drivers/STM32F1xx_HAL_Driver/Src/stm32f1xx_hal.o
                0x0000000008001dc0                HAL_InitTick
 .text.HAL_IncTick
                0x0000000008001e20       0x24 ./Drivers/STM32F1xx_HAL_Driver/Src/stm32f1xx_hal.o
                0x0000000008001e20                HAL_IncTick
 .text.HAL_GetTick
                0x0000000008001e44       0x14 ./Drivers/STM32F1xx_HAL_Driver/Src/stm32f1xx_hal.o
                0x0000000008001e44                HAL_GetTick
 .text.HAL_Delay
                0x0000000008001e58       0x48 ./Drivers/STM32F1xx_HAL_Driver/Src/stm32f1xx_hal.o
                0x0000000008001e58                HAL_Delay
 .text.__NVIC_SetPriorityGrouping
                0x0000000008001ea0       0x48 ./Drivers/STM32F1xx_HAL_Driver/Src/stm32f1xx_hal_cortex.o
 .text.__NVIC_GetPriorityGrouping
                0x0000000008001ee8       0x1c ./Drivers/STM32F1xx_HAL_Driver/Src/stm32f1xx_hal_cortex.o
 .text.__NVIC_EnableIRQ
                0x0000000008001f04       0x38 ./Drivers/STM32F1xx_HAL_Driver/Src/stm32f1xx_hal_cortex.o
 .text.__NVIC_SetPriority
                0x0000000008001f3c       0x54 ./Drivers/STM32F1xx_HAL_Driver/Src/stm32f1xx_hal_cortex.o
 .text.NVIC_EncodePriority
                0x0000000008001f90       0x64 ./Drivers/STM32F1xx_HAL_Driver/Src/stm32f1xx_hal_cortex.o
 .text.SysTick_Config
                0x0000000008001ff4       0x44 ./Drivers/STM32F1xx_HAL_Driver/Src/stm32f1xx_hal_cortex.o
 .text.HAL_NVIC_SetPriorityGrouping
                0x0000000008002038       0x16 ./Drivers/STM32F1xx_HAL_Driver/Src/stm32f1xx_hal_cortex.o
                0x0000000008002038                HAL_NVIC_SetPriorityGrouping
 .text.HAL_NVIC_SetPriority
                0x000000000800204e       0x38 ./Drivers/STM32F1xx_HAL_Driver/Src/stm32f1xx_hal_cortex.o
                0x000000000800204e                HAL_NVIC_SetPriority
 .text.HAL_NVIC_EnableIRQ
                0x0000000008002086       0x1c ./Drivers/STM32F1xx_HAL_Driver/Src/stm32f1xx_hal_cortex.o
                0x0000000008002086                HAL_NVIC_EnableIRQ
 .text.HAL_SYSTICK_Config
                0x00000000080020a2       0x18 ./Drivers/STM32F1xx_HAL_Driver/Src/stm32f1xx_hal_cortex.o
                0x00000000080020a2                HAL_SYSTICK_Config
 *fill*         0x00000000080020ba        0x2 
 .text.HAL_GPIO_Init
                0x00000000080020bc      0x2f4 ./Drivers/STM32F1xx_HAL_Driver/Src/stm32f1xx_hal_gpio.o
                0x00000000080020bc                HAL_GPIO_Init
 .text.HAL_GPIO_ReadPin
                0x00000000080023b0       0x2e ./Drivers/STM32F1xx_HAL_Driver/Src/stm32f1xx_hal_gpio.o
                0x00000000080023b0                HAL_GPIO_ReadPin
 .text.HAL_GPIO_WritePin
                0x00000000080023de       0x30 ./Drivers/STM32F1xx_HAL_Driver/Src/stm32f1xx_hal_gpio.o
                0x00000000080023de                HAL_GPIO_WritePin
 .text.HAL_GPIO_TogglePin
                0x000000000800240e       0x32 ./Drivers/STM32F1xx_HAL_Driver/Src/stm32f1xx_hal_gpio.o
                0x000000000800240e                HAL_GPIO_TogglePin
 .text.HAL_RCC_OscConfig
                0x0000000008002440      0x500 ./Drivers/STM32F1xx_HAL_Driver/Src/stm32f1xx_hal_rcc.o
                0x0000000008002440                HAL_RCC_OscConfig
 .text.HAL_RCC_ClockConfig
                0x0000000008002940      0x1d4 ./Drivers/STM32F1xx_HAL_Driver/Src/stm32f1xx_hal_rcc.o
                0x0000000008002940                HAL_RCC_ClockConfig
 .text.HAL_RCC_GetSysClockFreq
                0x0000000008002b14       0xc0 ./Drivers/STM32F1xx_HAL_Driver/Src/stm32f1xx_hal_rcc.o
                0x0000000008002b14                HAL_RCC_GetSysClockFreq
 .text.RCC_Delay
                0x0000000008002bd4       0x3c ./Drivers/STM32F1xx_HAL_Driver/Src/stm32f1xx_hal_rcc.o
 .text.HAL_TIM_Base_Init
                0x0000000008002c10       0x9e ./Drivers/STM32F1xx_HAL_Driver/Src/stm32f1xx_hal_tim.o
                0x0000000008002c10                HAL_TIM_Base_Init
 *fill*         0x0000000008002cae        0x2 
 .text.HAL_TIM_Base_Start_IT
                0x0000000008002cb0       0x98 ./Drivers/STM32F1xx_HAL_Driver/Src/stm32f1xx_hal_tim.o
                0x0000000008002cb0                HAL_TIM_Base_Start_IT
 .text.HAL_TIM_IRQHandler
                0x0000000008002d48      0x210 ./Drivers/STM32F1xx_HAL_Driver/Src/stm32f1xx_hal_tim.o
                0x0000000008002d48                HAL_TIM_IRQHandler
 .text.HAL_TIM_ConfigClockSource
                0x0000000008002f58      0x188 ./Drivers/STM32F1xx_HAL_Driver/Src/stm32f1xx_hal_tim.o
                0x0000000008002f58                HAL_TIM_ConfigClockSource
 .text.HAL_TIM_OC_DelayElapsedCallback
                0x00000000080030e0       0x12 ./Drivers/STM32F1xx_HAL_Driver/Src/stm32f1xx_hal_tim.o
                0x00000000080030e0                HAL_TIM_OC_DelayElapsedCallback
 .text.HAL_TIM_IC_CaptureCallback
                0x00000000080030f2       0x12 ./Drivers/STM32F1xx_HAL_Driver/Src/stm32f1xx_hal_tim.o
                0x00000000080030f2                HAL_TIM_IC_CaptureCallback
 .text.HAL_TIM_PWM_PulseFinishedCallback
                0x0000000008003104       0x12 ./Drivers/STM32F1xx_HAL_Driver/Src/stm32f1xx_hal_tim.o
                0x0000000008003104                HAL_TIM_PWM_PulseFinishedCallback
 .text.HAL_TIM_TriggerCallback
                0x0000000008003116       0x12 ./Drivers/STM32F1xx_HAL_Driver/Src/stm32f1xx_hal_tim.o
                0x0000000008003116                HAL_TIM_TriggerCallback
 .text.TIM_Base_SetConfig
                0x0000000008003128       0xb0 ./Drivers/STM32F1xx_HAL_Driver/Src/stm32f1xx_hal_tim.o
                0x0000000008003128                TIM_Base_SetConfig
 .text.TIM_TI1_ConfigInputStage
                0x00000000080031d8       0x5c ./Drivers/STM32F1xx_HAL_Driver/Src/stm32f1xx_hal_tim.o
 .text.TIM_TI2_ConfigInputStage
                0x0000000008003234       0x5e ./Drivers/STM32F1xx_HAL_Driver/Src/stm32f1xx_hal_tim.o
 .text.TIM_ITRx_SetConfig
                0x0000000008003292       0x34 ./Drivers/STM32F1xx_HAL_Driver/Src/stm32f1xx_hal_tim.o
 .text.TIM_ETR_SetConfig
                0x00000000080032c6       0x3e ./Drivers/STM32F1xx_HAL_Driver/Src/stm32f1xx_hal_tim.o
                0x00000000080032c6                TIM_ETR_SetConfig
 .text.HAL_TIMEx_MasterConfigSynchronization
                0x0000000008003304       0xb0 ./Drivers/STM32F1xx_HAL_Driver/Src/stm32f1xx_hal_tim_ex.o
                0x0000000008003304                HAL_TIMEx_MasterConfigSynchronization
 .text.HAL_TIMEx_CommutCallback
                0x00000000080033b4       0x12 ./Drivers/STM32F1xx_HAL_Driver/Src/stm32f1xx_hal_tim_ex.o
                0x00000000080033b4                HAL_TIMEx_CommutCallback
 .text.HAL_TIMEx_BreakCallback
                0x00000000080033c6       0x12 ./Drivers/STM32F1xx_HAL_Driver/Src/stm32f1xx_hal_tim_ex.o
                0x00000000080033c6                HAL_TIMEx_BreakCallback
 .text.__libc_init_array
                0x00000000080033d8       0x48 d:/stm32/stm32cubeide_1.7.0/stm32cubeide/plugins/com.st.stm32cube.ide.mcu.externaltools.gnu-tools-for-stm32.9-2020-q2-update.win32_2.0.0.202105311346/tools/bin/../lib/gcc/arm-none-eabi/9.3.1/../../../../arm-none-eabi/lib/thumb/v7-m/nofp\libc_nano.a(lib_a-init.o)
                0x00000000080033d8                __libc_init_array
 .text.memset   0x0000000008003420       0x10 d:/stm32/stm32cubeide_1.7.0/stm32cubeide/plugins/com.st.stm32cube.ide.mcu.externaltools.gnu-tools-for-stm32.9-2020-q2-update.win32_2.0.0.202105311346/tools/bin/../lib/gcc/arm-none-eabi/9.3.1/../../../../arm-none-eabi/lib/thumb/v7-m/nofp\libc_nano.a(lib_a-memset.o)
                0x0000000008003420                memset
 *(.glue_7)
 .glue_7        0x0000000008003430        0x0 linker stubs
 *(.glue_7t)
 .glue_7t       0x0000000008003430        0x0 linker stubs
 *(.eh_frame)
 .eh_frame      0x0000000008003430        0x0 d:/stm32/stm32cubeide_1.7.0/stm32cubeide/plugins/com.st.stm32cube.ide.mcu.externaltools.gnu-tools-for-stm32.9-2020-q2-update.win32_2.0.0.202105311346/tools/bin/../lib/gcc/arm-none-eabi/9.3.1/thumb/v7-m/nofp/crtbegin.o
 *(.init)
 .init          0x0000000008003430        0x4 d:/stm32/stm32cubeide_1.7.0/stm32cubeide/plugins/com.st.stm32cube.ide.mcu.externaltools.gnu-tools-for-stm32.9-2020-q2-update.win32_2.0.0.202105311346/tools/bin/../lib/gcc/arm-none-eabi/9.3.1/thumb/v7-m/nofp/crti.o
                0x0000000008003430                _init
 .init          0x0000000008003434        0x8 d:/stm32/stm32cubeide_1.7.0/stm32cubeide/plugins/com.st.stm32cube.ide.mcu.externaltools.gnu-tools-for-stm32.9-2020-q2-update.win32_2.0.0.202105311346/tools/bin/../lib/gcc/arm-none-eabi/9.3.1/thumb/v7-m/nofp/crtn.o
 *(.fini)
 .fini          0x000000000800343c        0x4 d:/stm32/stm32cubeide_1.7.0/stm32cubeide/plugins/com.st.stm32cube.ide.mcu.externaltools.gnu-tools-for-stm32.9-2020-q2-update.win32_2.0.0.202105311346/tools/bin/../lib/gcc/arm-none-eabi/9.3.1/thumb/v7-m/nofp/crti.o
                0x000000000800343c                _fini
 .fini          0x0000000008003440        0x8 d:/stm32/stm32cubeide_1.7.0/stm32cubeide/plugins/com.st.stm32cube.ide.mcu.externaltools.gnu-tools-for-stm32.9-2020-q2-update.win32_2.0.0.202105311346/tools/bin/../lib/gcc/arm-none-eabi/9.3.1/thumb/v7-m/nofp/crtn.o
                0x0000000008003448                . = ALIGN (0x4)
                0x0000000008003448                _etext = .

.vfp11_veneer   0x0000000008003448        0x0
 .vfp11_veneer  0x0000000008003448        0x0 linker stubs

.v4_bx          0x0000000008003448        0x0
 .v4_bx         0x0000000008003448        0x0 linker stubs

.iplt           0x0000000008003448        0x0
 .iplt          0x0000000008003448        0x0 d:/stm32/stm32cubeide_1.7.0/stm32cubeide/plugins/com.st.stm32cube.ide.mcu.externaltools.gnu-tools-for-stm32.9-2020-q2-update.win32_2.0.0.202105311346/tools/bin/../lib/gcc/arm-none-eabi/9.3.1/thumb/v7-m/nofp/crtbegin.o

.rodata         0x0000000008003448       0x20
                0x0000000008003448                . = ALIGN (0x4)
 *(.rodata)
 .rodata        0x0000000008003448       0x10 ./Drivers/STM32F1xx_HAL_Driver/Src/stm32f1xx_hal_rcc.o
 *(.rodata*)
 .rodata.AHBPrescTable
                0x0000000008003458       0x10 ./Core/Src/system_stm32f1xx.o
                0x0000000008003458                AHBPrescTable
                0x0000000008003468                . = ALIGN (0x4)

.rel.dyn        0x0000000008003468        0x0
 .rel.iplt      0x0000000008003468        0x0 d:/stm32/stm32cubeide_1.7.0/stm32cubeide/plugins/com.st.stm32cube.ide.mcu.externaltools.gnu-tools-for-stm32.9-2020-q2-update.win32_2.0.0.202105311346/tools/bin/../lib/gcc/arm-none-eabi/9.3.1/thumb/v7-m/nofp/crtbegin.o

.ARM.extab      0x0000000008003468        0x0
                0x0000000008003468                . = ALIGN (0x4)
 *(.ARM.extab* .gnu.linkonce.armextab.*)
                0x0000000008003468                . = ALIGN (0x4)

.ARM            0x0000000008003468        0x0
                0x0000000008003468                . = ALIGN (0x4)
                0x0000000008003468                __exidx_start = .
 *(.ARM.exidx*)
                0x0000000008003468                __exidx_end = .
                0x0000000008003468                . = ALIGN (0x4)

.preinit_array  0x0000000008003468        0x0
                0x0000000008003468                . = ALIGN (0x4)
                0x0000000008003468                PROVIDE (__preinit_array_start = .)
 *(.preinit_array*)
                0x0000000008003468                PROVIDE (__preinit_array_end = .)
                0x0000000008003468                . = ALIGN (0x4)

.init_array     0x0000000008003468        0x4
                0x0000000008003468                . = ALIGN (0x4)
                0x0000000008003468                PROVIDE (__init_array_start = .)
 *(SORT_BY_NAME(.init_array.*))
 *(.init_array*)
 .init_array    0x0000000008003468        0x4 d:/stm32/stm32cubeide_1.7.0/stm32cubeide/plugins/com.st.stm32cube.ide.mcu.externaltools.gnu-tools-for-stm32.9-2020-q2-update.win32_2.0.0.202105311346/tools/bin/../lib/gcc/arm-none-eabi/9.3.1/thumb/v7-m/nofp/crtbegin.o
                0x000000000800346c                PROVIDE (__init_array_end = .)
                0x000000000800346c                . = ALIGN (0x4)

.fini_array     0x000000000800346c        0x4
                0x000000000800346c                . = ALIGN (0x4)
                [!provide]                        PROVIDE (__fini_array_start = .)
 *(SORT_BY_NAME(.fini_array.*))
 *(.fini_array*)
 .fini_array    0x000000000800346c        0x4 d:/stm32/stm32cubeide_1.7.0/stm32cubeide/plugins/com.st.stm32cube.ide.mcu.externaltools.gnu-tools-for-stm32.9-2020-q2-update.win32_2.0.0.202105311346/tools/bin/../lib/gcc/arm-none-eabi/9.3.1/thumb/v7-m/nofp/crtbegin.o
                [!provide]                        PROVIDE (__fini_array_end = .)
                0x0000000008003470                . = ALIGN (0x4)
                0x0000000008003470                _sidata = LOADADDR (.data)

.data           0x0000000020000000       0x5c load address 0x0000000008003470
                0x0000000020000000                . = ALIGN (0x4)
                0x0000000020000000                _sdata = .
 *(.data)
 *(.data*)
 .data.KeyReg_0
                0x0000000020000000        0xc ./Core/Src/button.o
                0x0000000020000000                KeyReg_0
 .data.KeyReg_1
                0x000000002000000c        0xc ./Core/Src/button.o
                0x000000002000000c                KeyReg_1
 .data.KeyReg_2
                0x0000000020000018        0xc ./Core/Src/button.o
                0x0000000020000018                KeyReg_2
 .data.KeyReg_3
                0x0000000020000024        0xc ./Core/Src/button.o
                0x0000000020000024                KeyReg_3
 .data.TimeOutForKeyPress
                0x0000000020000030        0x4 ./Core/Src/button.o
                0x0000000020000030                TimeOutForKeyPress
 .data.status_mode
                0x0000000020000034        0x4 ./Core/Src/fsm_mode.o
                0x0000000020000034                status_mode
 .data.reality_balance
                0x0000000020000038        0x4 ./Core/Src/fsm_mode.o
                0x0000000020000038                reality_balance
 .data.status_traffic_led_north_south
                0x000000002000003c        0x4 ./Core/Src/fsm_traffic_light.o
                0x000000002000003c                status_traffic_led_north_south
 .data.status_traffic_led_east_west
                0x0000000020000040        0x4 ./Core/Src/fsm_traffic_light.o
                0x0000000020000040                status_traffic_led_east_west
 .data.red_traffic_led_time
                0x0000000020000044        0x4 ./Core/Src/fsm_traffic_light.o
                0x0000000020000044                red_traffic_led_time
 .data.yellow_traffic_led_time
                0x0000000020000048        0x4 ./Core/Src/fsm_traffic_light.o
                0x0000000020000048                yellow_traffic_led_time
 .data.green_traffic_led_time
                0x000000002000004c        0x4 ./Core/Src/fsm_traffic_light.o
                0x000000002000004c                green_traffic_led_time
 .data.SystemCoreClock
                0x0000000020000050        0x4 ./Core/Src/system_stm32f1xx.o
                0x0000000020000050                SystemCoreClock
 .data.uwTickPrio
                0x0000000020000054        0x4 ./Drivers/STM32F1xx_HAL_Driver/Src/stm32f1xx_hal.o
                0x0000000020000054                uwTickPrio
 .data.uwTickFreq
                0x0000000020000058        0x1 ./Drivers/STM32F1xx_HAL_Driver/Src/stm32f1xx_hal.o
                0x0000000020000058                uwTickFreq
 *(.RamFunc)
 *(.RamFunc*)
                0x000000002000005c                . = ALIGN (0x4)
 *fill*         0x0000000020000059        0x3 
                0x000000002000005c                _edata = .

.igot.plt       0x000000002000005c        0x0 load address 0x00000000080034cc
 .igot.plt      0x000000002000005c        0x0 d:/stm32/stm32cubeide_1.7.0/stm32cubeide/plugins/com.st.stm32cube.ide.mcu.externaltools.gnu-tools-for-stm32.9-2020-q2-update.win32_2.0.0.202105311346/tools/bin/../lib/gcc/arm-none-eabi/9.3.1/thumb/v7-m/nofp/crtbegin.o
                0x000000002000005c                . = ALIGN (0x4)

.bss            0x000000002000005c      0x120 load address 0x00000000080034cc
                0x000000002000005c                _sbss = .
                0x000000002000005c                __bss_start__ = _sbss
 *(.bss)
 .bss           0x000000002000005c       0x1c d:/stm32/stm32cubeide_1.7.0/stm32cubeide/plugins/com.st.stm32cube.ide.mcu.externaltools.gnu-tools-for-stm32.9-2020-q2-update.win32_2.0.0.202105311346/tools/bin/../lib/gcc/arm-none-eabi/9.3.1/thumb/v7-m/nofp/crtbegin.o
 *(.bss*)
 .bss.button_flag
                0x0000000020000078        0xc ./Core/Src/button.o
                0x0000000020000078                button_flag
 .bss.tmp_red_led_time
                0x0000000020000084        0x4 ./Core/Src/fsm_mode.o
                0x0000000020000084                tmp_red_led_time
 .bss.tmp_yellow_led_time
                0x0000000020000088        0x4 ./Core/Src/fsm_mode.o
                0x0000000020000088                tmp_yellow_led_time
 .bss.tmp_green_led_time
                0x000000002000008c        0x4 ./Core/Src/fsm_mode.o
                0x000000002000008c                tmp_green_led_time
 .bss.tmp_red_traffic_led_time
                0x0000000020000090        0x4 ./Core/Src/fsm_traffic_light.o
                0x0000000020000090                tmp_red_traffic_led_time
 .bss.tmp_yellow_traffic_led_time
                0x0000000020000094        0x4 ./Core/Src/fsm_traffic_light.o
                0x0000000020000094                tmp_yellow_traffic_led_time
 .bss.tmp_green_traffic_led_time
                0x0000000020000098        0x4 ./Core/Src/fsm_traffic_light.o
                0x0000000020000098                tmp_green_traffic_led_time
 .bss.enable_trigger
                0x000000002000009c        0x4 ./Core/Src/fsm_traffic_light.o
                0x000000002000009c                enable_trigger
 .bss.timer_counter
                0x00000000200000a0       0x48 ./Core/Src/software_timer.o
                0x00000000200000a0                timer_counter
 .bss.timer_flag
                0x00000000200000e8       0x48 ./Core/Src/software_timer.o
                0x00000000200000e8                timer_flag
 *(COMMON)
 COMMON         0x0000000020000130       0x48 ./Core/Src/main.o
                0x0000000020000130                htim2
 COMMON         0x0000000020000178        0x4 ./Drivers/STM32F1xx_HAL_Driver/Src/stm32f1xx_hal.o
                0x0000000020000178                uwTick
                0x000000002000017c                . = ALIGN (0x4)
                0x000000002000017c                _ebss = .
                0x000000002000017c                __bss_end__ = _ebss

._user_heap_stack
                0x000000002000017c      0x604 load address 0x00000000080034cc
                0x0000000020000180                . = ALIGN (0x8)
 *fill*         0x000000002000017c        0x4 
                [!provide]                        PROVIDE (end = .)
                0x0000000020000180                PROVIDE (_end = .)
                0x0000000020000380                . = (. + _Min_Heap_Size)
 *fill*         0x0000000020000180      0x200 
                0x0000000020000780                . = (. + _Min_Stack_Size)
 *fill*         0x0000000020000380      0x400 
                0x0000000020000780                . = ALIGN (0x8)

/DISCARD/
 libc.a(*)
 libm.a(*)
 libgcc.a(*)

.ARM.attributes
                0x0000000000000000       0x29
 *(.ARM.attributes)
 .ARM.attributes
                0x0000000000000000       0x1d d:/stm32/stm32cubeide_1.7.0/stm32cubeide/plugins/com.st.stm32cube.ide.mcu.externaltools.gnu-tools-for-stm32.9-2020-q2-update.win32_2.0.0.202105311346/tools/bin/../lib/gcc/arm-none-eabi/9.3.1/thumb/v7-m/nofp/crti.o
 .ARM.attributes
                0x000000000000001d       0x2d d:/stm32/stm32cubeide_1.7.0/stm32cubeide/plugins/com.st.stm32cube.ide.mcu.externaltools.gnu-tools-for-stm32.9-2020-q2-update.win32_2.0.0.202105311346/tools/bin/../lib/gcc/arm-none-eabi/9.3.1/thumb/v7-m/nofp/crtbegin.o
 .ARM.attributes
                0x000000000000004a       0x2d ./Core/Src/button.o
 .ARM.attributes
                0x0000000000000077       0x2d ./Core/Src/fsm_led_blink.o
 .ARM.attributes
                0x00000000000000a4       0x2d ./Core/Src/fsm_mode.o
 .ARM.attributes
                0x00000000000000d1       0x2d ./Core/Src/fsm_traffic_light.o
 .ARM.attributes
                0x00000000000000fe       0x2d ./Core/Src/main.o
 .ARM.attributes
                0x000000000000012b       0x2d ./Core/Src/software_timer.o
 .ARM.attributes
                0x0000000000000158       0x2d ./Core/Src/stm32f1xx_hal_msp.o
 .ARM.attributes
                0x0000000000000185       0x2d ./Core/Src/stm32f1xx_it.o
 .ARM.attributes
                0x00000000000001b2       0x2d ./Core/Src/system_stm32f1xx.o
 .ARM.attributes
                0x00000000000001df       0x21 ./Core/Startup/startup_stm32f103c6tx.o
 .ARM.attributes
                0x0000000000000200       0x2d ./Drivers/STM32F1xx_HAL_Driver/Src/stm32f1xx_hal.o
 .ARM.attributes
                0x000000000000022d       0x2d ./Drivers/STM32F1xx_HAL_Driver/Src/stm32f1xx_hal_cortex.o
 .ARM.attributes
                0x000000000000025a       0x2d ./Drivers/STM32F1xx_HAL_Driver/Src/stm32f1xx_hal_gpio.o
 .ARM.attributes
                0x0000000000000287       0x2d ./Drivers/STM32F1xx_HAL_Driver/Src/stm32f1xx_hal_rcc.o
 .ARM.attributes
                0x00000000000002b4       0x2d ./Drivers/STM32F1xx_HAL_Driver/Src/stm32f1xx_hal_tim.o
 .ARM.attributes
                0x00000000000002e1       0x2d ./Drivers/STM32F1xx_HAL_Driver/Src/stm32f1xx_hal_tim_ex.o
 .ARM.attributes
                0x000000000000030e       0x2d d:/stm32/stm32cubeide_1.7.0/stm32cubeide/plugins/com.st.stm32cube.ide.mcu.externaltools.gnu-tools-for-stm32.9-2020-q2-update.win32_2.0.0.202105311346/tools/bin/../lib/gcc/arm-none-eabi/9.3.1/../../../../arm-none-eabi/lib/thumb/v7-m/nofp\libc_nano.a(lib_a-init.o)
 .ARM.attributes
                0x000000000000033b       0x2d d:/stm32/stm32cubeide_1.7.0/stm32cubeide/plugins/com.st.stm32cube.ide.mcu.externaltools.gnu-tools-for-stm32.9-2020-q2-update.win32_2.0.0.202105311346/tools/bin/../lib/gcc/arm-none-eabi/9.3.1/../../../../arm-none-eabi/lib/thumb/v7-m/nofp\libc_nano.a(lib_a-memset.o)
 .ARM.attributes
                0x0000000000000368       0x1d d:/stm32/stm32cubeide_1.7.0/stm32cubeide/plugins/com.st.stm32cube.ide.mcu.externaltools.gnu-tools-for-stm32.9-2020-q2-update.win32_2.0.0.202105311346/tools/bin/../lib/gcc/arm-none-eabi/9.3.1/thumb/v7-m/nofp/crtn.o
OUTPUT(Lab3.elf elf32-littlearm)
LOAD linker stubs
LOAD d:/stm32/stm32cubeide_1.7.0/stm32cubeide/plugins/com.st.stm32cube.ide.mcu.externaltools.gnu-tools-for-stm32.9-2020-q2-update.win32_2.0.0.202105311346/tools/bin/../lib/gcc/arm-none-eabi/9.3.1/../../../../arm-none-eabi/lib/thumb/v7-m/nofp\libc.a
LOAD d:/stm32/stm32cubeide_1.7.0/stm32cubeide/plugins/com.st.stm32cube.ide.mcu.externaltools.gnu-tools-for-stm32.9-2020-q2-update.win32_2.0.0.202105311346/tools/bin/../lib/gcc/arm-none-eabi/9.3.1/../../../../arm-none-eabi/lib/thumb/v7-m/nofp\libm.a
LOAD d:/stm32/stm32cubeide_1.7.0/stm32cubeide/plugins/com.st.stm32cube.ide.mcu.externaltools.gnu-tools-for-stm32.9-2020-q2-update.win32_2.0.0.202105311346/tools/bin/../lib/gcc/arm-none-eabi/9.3.1/thumb/v7-m/nofp\libgcc.a

.debug_info     0x0000000000000000     0x955f
 .debug_info    0x0000000000000000      0x37d ./Core/Src/button.o
 .debug_info    0x000000000000037d      0x399 ./Core/Src/fsm_led_blink.o
 .debug_info    0x0000000000000716      0x3c6 ./Core/Src/fsm_mode.o
 .debug_info    0x0000000000000adc      0x6e2 ./Core/Src/fsm_traffic_light.o
 .debug_info    0x00000000000011be      0xc6b ./Core/Src/main.o
 .debug_info    0x0000000000001e29       0xeb ./Core/Src/software_timer.o
 .debug_info    0x0000000000001f14      0xa04 ./Core/Src/stm32f1xx_hal_msp.o
 .debug_info    0x0000000000002918      0x7b4 ./Core/Src/stm32f1xx_it.o
 .debug_info    0x00000000000030cc      0x2be ./Core/Src/system_stm32f1xx.o
 .debug_info    0x000000000000338a       0x22 ./Core/Startup/startup_stm32f103c6tx.o
 .debug_info    0x00000000000033ac      0x74c ./Drivers/STM32F1xx_HAL_Driver/Src/stm32f1xx_hal.o
 .debug_info    0x0000000000003af8      0xbbe ./Drivers/STM32F1xx_HAL_Driver/Src/stm32f1xx_hal_cortex.o
 .debug_info    0x00000000000046b6      0x701 ./Drivers/STM32F1xx_HAL_Driver/Src/stm32f1xx_hal_gpio.o
 .debug_info    0x0000000000004db7      0x88e ./Drivers/STM32F1xx_HAL_Driver/Src/stm32f1xx_hal_rcc.o
 .debug_info    0x0000000000005645     0x2a45 ./Drivers/STM32F1xx_HAL_Driver/Src/stm32f1xx_hal_tim.o
 .debug_info    0x000000000000808a     0x14d5 ./Drivers/STM32F1xx_HAL_Driver/Src/stm32f1xx_hal_tim_ex.o

.debug_abbrev   0x0000000000000000     0x1bec
 .debug_abbrev  0x0000000000000000      0x1a0 ./Core/Src/button.o
 .debug_abbrev  0x00000000000001a0      0x16d ./Core/Src/fsm_led_blink.o
 .debug_abbrev  0x000000000000030d      0x135 ./Core/Src/fsm_mode.o
 .debug_abbrev  0x0000000000000442      0x1f7 ./Core/Src/fsm_traffic_light.o
 .debug_abbrev  0x0000000000000639      0x231 ./Core/Src/main.o
 .debug_abbrev  0x000000000000086a       0xd6 ./Core/Src/software_timer.o
 .debug_abbrev  0x0000000000000940      0x1b7 ./Core/Src/stm32f1xx_hal_msp.o
 .debug_abbrev  0x0000000000000af7      0x176 ./Core/Src/stm32f1xx_it.o
 .debug_abbrev  0x0000000000000c6d      0x14e ./Core/Src/system_stm32f1xx.o
 .debug_abbrev  0x0000000000000dbb       0x12 ./Core/Startup/startup_stm32f103c6tx.o
 .debug_abbrev  0x0000000000000dcd      0x1ed ./Drivers/STM32F1xx_HAL_Driver/Src/stm32f1xx_hal.o
 .debug_abbrev  0x0000000000000fba      0x313 ./Drivers/STM32F1xx_HAL_Driver/Src/stm32f1xx_hal_cortex.o
 .debug_abbrev  0x00000000000012cd      0x1e8 ./Drivers/STM32F1xx_HAL_Driver/Src/stm32f1xx_hal_gpio.o
 .debug_abbrev  0x00000000000014b5      0x273 ./Drivers/STM32F1xx_HAL_Driver/Src/stm32f1xx_hal_rcc.o
 .debug_abbrev  0x0000000000001728      0x25e ./Drivers/STM32F1xx_HAL_Driver/Src/stm32f1xx_hal_tim.o
 .debug_abbrev  0x0000000000001986      0x266 ./Drivers/STM32F1xx_HAL_Driver/Src/stm32f1xx_hal_tim_ex.o

.debug_aranges  0x0000000000000000      0xa88
 .debug_aranges
                0x0000000000000000       0x38 ./Core/Src/button.o
 .debug_aranges
                0x0000000000000038       0x38 ./Core/Src/fsm_led_blink.o
 .debug_aranges
                0x0000000000000070       0x58 ./Core/Src/fsm_mode.o
 .debug_aranges
                0x00000000000000c8       0x68 ./Core/Src/fsm_traffic_light.o
 .debug_aranges
                0x0000000000000130       0x48 ./Core/Src/main.o
 .debug_aranges
                0x0000000000000178       0x28 ./Core/Src/software_timer.o
 .debug_aranges
                0x00000000000001a0       0x30 ./Core/Src/stm32f1xx_hal_msp.o
 .debug_aranges
                0x00000000000001d0       0x68 ./Core/Src/stm32f1xx_it.o
 .debug_aranges
                0x0000000000000238       0x28 ./Core/Src/system_stm32f1xx.o
 .debug_aranges
                0x0000000000000260       0x28 ./Core/Startup/startup_stm32f103c6tx.o
 .debug_aranges
                0x0000000000000288       0xe0 ./Drivers/STM32F1xx_HAL_Driver/Src/stm32f1xx_hal.o
 .debug_aranges
                0x0000000000000368      0x100 ./Drivers/STM32F1xx_HAL_Driver/Src/stm32f1xx_hal_cortex.o
 .debug_aranges
                0x0000000000000468       0x58 ./Drivers/STM32F1xx_HAL_Driver/Src/stm32f1xx_hal_gpio.o
 .debug_aranges
                0x00000000000004c0       0x90 ./Drivers/STM32F1xx_HAL_Driver/Src/stm32f1xx_hal_rcc.o
 .debug_aranges
                0x0000000000000550      0x3d0 ./Drivers/STM32F1xx_HAL_Driver/Src/stm32f1xx_hal_tim.o
 .debug_aranges
                0x0000000000000920      0x168 ./Drivers/STM32F1xx_HAL_Driver/Src/stm32f1xx_hal_tim_ex.o

.debug_ranges   0x0000000000000000      0x990
 .debug_ranges  0x0000000000000000       0x28 ./Core/Src/button.o
 .debug_ranges  0x0000000000000028       0x28 ./Core/Src/fsm_led_blink.o
 .debug_ranges  0x0000000000000050       0x48 ./Core/Src/fsm_mode.o
 .debug_ranges  0x0000000000000098       0x58 ./Core/Src/fsm_traffic_light.o
 .debug_ranges  0x00000000000000f0       0x38 ./Core/Src/main.o
 .debug_ranges  0x0000000000000128       0x18 ./Core/Src/software_timer.o
 .debug_ranges  0x0000000000000140       0x20 ./Core/Src/stm32f1xx_hal_msp.o
 .debug_ranges  0x0000000000000160       0x58 ./Core/Src/stm32f1xx_it.o
 .debug_ranges  0x00000000000001b8       0x18 ./Core/Src/system_stm32f1xx.o
 .debug_ranges  0x00000000000001d0       0x20 ./Core/Startup/startup_stm32f103c6tx.o
 .debug_ranges  0x00000000000001f0       0xd0 ./Drivers/STM32F1xx_HAL_Driver/Src/stm32f1xx_hal.o
 .debug_ranges  0x00000000000002c0       0xf0 ./Drivers/STM32F1xx_HAL_Driver/Src/stm32f1xx_hal_cortex.o
 .debug_ranges  0x00000000000003b0       0x48 ./Drivers/STM32F1xx_HAL_Driver/Src/stm32f1xx_hal_gpio.o
 .debug_ranges  0x00000000000003f8       0x80 ./Drivers/STM32F1xx_HAL_Driver/Src/stm32f1xx_hal_rcc.o
 .debug_ranges  0x0000000000000478      0x3c0 ./Drivers/STM32F1xx_HAL_Driver/Src/stm32f1xx_hal_tim.o
 .debug_ranges  0x0000000000000838      0x158 ./Drivers/STM32F1xx_HAL_Driver/Src/stm32f1xx_hal_tim_ex.o

.debug_macro    0x0000000000000000    0x16b6e
 .debug_macro   0x0000000000000000      0x1b6 ./Core/Src/button.o
 .debug_macro   0x00000000000001b6      0xa9c ./Core/Src/button.o
 .debug_macro   0x0000000000000c52      0x215 ./Core/Src/button.o
 .debug_macro   0x0000000000000e67       0x2e ./Core/Src/button.o
 .debug_macro   0x0000000000000e95       0x22 ./Core/Src/button.o
 .debug_macro   0x0000000000000eb7       0x22 ./Core/Src/button.o
 .debug_macro   0x0000000000000ed9       0x8e ./Core/Src/button.o
 .debug_macro   0x0000000000000f67       0x51 ./Core/Src/button.o
 .debug_macro   0x0000000000000fb8      0x103 ./Core/Src/button.o
 .debug_macro   0x00000000000010bb       0x6a ./Core/Src/button.o
 .debug_macro   0x0000000000001125      0x1df ./Core/Src/button.o
 .debug_macro   0x0000000000001304       0x1c ./Core/Src/button.o
 .debug_macro   0x0000000000001320       0x22 ./Core/Src/button.o
 .debug_macro   0x0000000000001342       0xc3 ./Core/Src/button.o
 .debug_macro   0x0000000000001405      0xd23 ./Core/Src/button.o
 .debug_macro   0x0000000000002128     0xde75 ./Core/Src/button.o
 .debug_macro   0x000000000000ff9d       0x6d ./Core/Src/button.o
 .debug_macro   0x000000000001000a     0x3468 ./Core/Src/button.o
 .debug_macro   0x0000000000013472      0x174 ./Core/Src/button.o
 .debug_macro   0x00000000000135e6       0x5c ./Core/Src/button.o
 .debug_macro   0x0000000000013642      0x5be ./Core/Src/button.o
 .debug_macro   0x0000000000013c00      0x1b7 ./Core/Src/button.o
 .debug_macro   0x0000000000013db7      0x1cb ./Core/Src/button.o
 .debug_macro   0x0000000000013f82      0x114 ./Core/Src/button.o
 .debug_macro   0x0000000000014096      0x1b2 ./Core/Src/button.o
 .debug_macro   0x0000000000014248       0x27 ./Core/Src/button.o
 .debug_macro   0x000000000001426f      0x12f ./Core/Src/button.o
 .debug_macro   0x000000000001439e      0x1bc ./Core/Src/button.o
 .debug_macro   0x000000000001455a       0x34 ./Core/Src/button.o
 .debug_macro   0x000000000001458e       0x3c ./Core/Src/button.o
 .debug_macro   0x00000000000145ca       0x57 ./Core/Src/button.o
 .debug_macro   0x0000000000014621       0x88 ./Core/Src/button.o
 .debug_macro   0x00000000000146a9      0x183 ./Core/Src/button.o
 .debug_macro   0x000000000001482c      0x141 ./Core/Src/button.o
 .debug_macro   0x000000000001496d      0x8d1 ./Core/Src/button.o
 .debug_macro   0x000000000001523e       0x69 ./Core/Src/button.o
 .debug_macro   0x00000000000152a7      0x130 ./Core/Src/button.o
 .debug_macro   0x00000000000153d7       0x10 ./Core/Src/button.o
 .debug_macro   0x00000000000153e7      0x1fa ./Core/Src/fsm_led_blink.o
 .debug_macro   0x00000000000155e1       0x10 ./Core/Src/fsm_led_blink.o
 .debug_macro   0x00000000000155f1       0x52 ./Core/Src/fsm_led_blink.o
 .debug_macro   0x0000000000015643      0x1fa ./Core/Src/fsm_mode.o
 .debug_macro   0x000000000001583d      0x1fa ./Core/Src/fsm_traffic_light.o
 .debug_macro   0x0000000000015a37      0x1fa ./Core/Src/main.o
 .debug_macro   0x0000000000015c31       0x1b ./Core/Src/software_timer.o
 .debug_macro   0x0000000000015c4c      0x1a7 ./Core/Src/stm32f1xx_hal_msp.o
 .debug_macro   0x0000000000015df3      0x1b1 ./Core/Src/stm32f1xx_it.o
 .debug_macro   0x0000000000015fa4      0x198 ./Core/Src/system_stm32f1xx.o
 .debug_macro   0x000000000001613c      0x1bc ./Drivers/STM32F1xx_HAL_Driver/Src/stm32f1xx_hal.o
 .debug_macro   0x00000000000162f8      0x198 ./Drivers/STM32F1xx_HAL_Driver/Src/stm32f1xx_hal_cortex.o
 .debug_macro   0x0000000000016490      0x203 ./Drivers/STM32F1xx_HAL_Driver/Src/stm32f1xx_hal_gpio.o
 .debug_macro   0x0000000000016693      0x1aa ./Drivers/STM32F1xx_HAL_Driver/Src/stm32f1xx_hal_rcc.o
 .debug_macro   0x000000000001683d      0x199 ./Drivers/STM32F1xx_HAL_Driver/Src/stm32f1xx_hal_tim.o
 .debug_macro   0x00000000000169d6      0x198 ./Drivers/STM32F1xx_HAL_Driver/Src/stm32f1xx_hal_tim_ex.o

.debug_line     0x0000000000000000     0xb576
 .debug_line    0x0000000000000000      0x729 ./Core/Src/button.o
 .debug_line    0x0000000000000729      0x764 ./Core/Src/fsm_led_blink.o
 .debug_line    0x0000000000000e8d      0x869 ./Core/Src/fsm_mode.o
 .debug_line    0x00000000000016f6      0xb05 ./Core/Src/fsm_traffic_light.o
 .debug_line    0x00000000000021fb      0x7e9 ./Core/Src/main.o
 .debug_line    0x00000000000029e4       0xb1 ./Core/Src/software_timer.o
 .debug_line    0x0000000000002a95      0x6ad ./Core/Src/stm32f1xx_hal_msp.o
 .debug_line    0x0000000000003142      0x74b ./Core/Src/stm32f1xx_it.o
 .debug_line    0x000000000000388d      0x6ef ./Core/Src/system_stm32f1xx.o
 .debug_line    0x0000000000003f7c       0x87 ./Core/Startup/startup_stm32f103c6tx.o
 .debug_line    0x0000000000004003      0x91c ./Drivers/STM32F1xx_HAL_Driver/Src/stm32f1xx_hal.o
 .debug_line    0x000000000000491f      0xb04 ./Drivers/STM32F1xx_HAL_Driver/Src/stm32f1xx_hal_cortex.o
 .debug_line    0x0000000000005423      0x99d ./Drivers/STM32F1xx_HAL_Driver/Src/stm32f1xx_hal_gpio.o
 .debug_line    0x0000000000005dc0      0xd2a ./Drivers/STM32F1xx_HAL_Driver/Src/stm32f1xx_hal_rcc.o
 .debug_line    0x0000000000006aea     0x327a ./Drivers/STM32F1xx_HAL_Driver/Src/stm32f1xx_hal_tim.o
 .debug_line    0x0000000000009d64     0x1812 ./Drivers/STM32F1xx_HAL_Driver/Src/stm32f1xx_hal_tim_ex.o

.debug_str      0x0000000000000000    0x8275d
 .debug_str     0x0000000000000000    0x7f8a2 ./Core/Src/button.o
                                      0x7fbdf (size before relaxing)
 .debug_str     0x000000000007f8a2      0x2c5 ./Core/Src/fsm_led_blink.o
                                      0x7fe57 (size before relaxing)
 .debug_str     0x000000000007fb67       0xae ./Core/Src/fsm_mode.o
                                      0x7fe87 (size before relaxing)
 .debug_str     0x000000000007fc15      0x1d6 ./Core/Src/fsm_traffic_light.o
                                      0x7ffce (size before relaxing)
 .debug_str     0x000000000007fdeb      0x6df ./Core/Src/main.o
                                      0x80568 (size before relaxing)
 .debug_str     0x00000000000804ca       0x5f ./Core/Src/software_timer.o
                                       0x2de1 (size before relaxing)
 .debug_str     0x0000000000080529      0x2ba ./Core/Src/stm32f1xx_hal_msp.o
                                      0x802dd (size before relaxing)
 .debug_str     0x00000000000807e3       0xcd ./Core/Src/stm32f1xx_it.o
                                      0x8003f (size before relaxing)
 .debug_str     0x00000000000808b0       0x52 ./Core/Src/system_stm32f1xx.o
                                      0x7f4fb (size before relaxing)
 .debug_str     0x0000000000080902       0x36 ./Core/Startup/startup_stm32f103c6tx.o
                                         0x66 (size before relaxing)
 .debug_str     0x0000000000080938      0x304 ./Drivers/STM32F1xx_HAL_Driver/Src/stm32f1xx_hal.o
                                      0x7fb52 (size before relaxing)
 .debug_str     0x0000000000080c3c      0x300 ./Drivers/STM32F1xx_HAL_Driver/Src/stm32f1xx_hal_cortex.o
                                      0x7fb5a (size before relaxing)
 .debug_str     0x0000000000080f3c      0x316 ./Drivers/STM32F1xx_HAL_Driver/Src/stm32f1xx_hal_gpio.o
                                      0x7f8bf (size before relaxing)
 .debug_str     0x0000000000081252      0x24f ./Drivers/STM32F1xx_HAL_Driver/Src/stm32f1xx_hal_rcc.o
                                      0x7f8f8 (size before relaxing)
 .debug_str     0x00000000000814a1      0xdce ./Drivers/STM32F1xx_HAL_Driver/Src/stm32f1xx_hal_tim.o
                                      0x808ca (size before relaxing)
 .debug_str     0x000000000008226f      0x4ee ./Drivers/STM32F1xx_HAL_Driver/Src/stm32f1xx_hal_tim_ex.o
                                      0x8007b (size before relaxing)

.comment        0x0000000000000000       0x53
 .comment       0x0000000000000000       0x53 ./Core/Src/button.o
                                         0x54 (size before relaxing)
 .comment       0x0000000000000053       0x54 ./Core/Src/fsm_led_blink.o
 .comment       0x0000000000000053       0x54 ./Core/Src/fsm_mode.o
 .comment       0x0000000000000053       0x54 ./Core/Src/fsm_traffic_light.o
 .comment       0x0000000000000053       0x54 ./Core/Src/main.o
 .comment       0x0000000000000053       0x54 ./Core/Src/software_timer.o
 .comment       0x0000000000000053       0x54 ./Core/Src/stm32f1xx_hal_msp.o
 .comment       0x0000000000000053       0x54 ./Core/Src/stm32f1xx_it.o
 .comment       0x0000000000000053       0x54 ./Core/Src/system_stm32f1xx.o
 .comment       0x0000000000000053       0x54 ./Drivers/STM32F1xx_HAL_Driver/Src/stm32f1xx_hal.o
 .comment       0x0000000000000053       0x54 ./Drivers/STM32F1xx_HAL_Driver/Src/stm32f1xx_hal_cortex.o
 .comment       0x0000000000000053       0x54 ./Drivers/STM32F1xx_HAL_Driver/Src/stm32f1xx_hal_gpio.o
 .comment       0x0000000000000053       0x54 ./Drivers/STM32F1xx_HAL_Driver/Src/stm32f1xx_hal_rcc.o
 .comment       0x0000000000000053       0x54 ./Drivers/STM32F1xx_HAL_Driver/Src/stm32f1xx_hal_tim.o
 .comment       0x0000000000000053       0x54 ./Drivers/STM32F1xx_HAL_Driver/Src/stm32f1xx_hal_tim_ex.o

.debug_frame    0x0000000000000000     0x29e0
 .debug_frame   0x0000000000000000       0xa8 ./Core/Src/button.o
 .debug_frame   0x00000000000000a8       0x9c ./Core/Src/fsm_led_blink.o
 .debug_frame   0x0000000000000144       0xf8 ./Core/Src/fsm_mode.o
 .debug_frame   0x000000000000023c      0x178 ./Core/Src/fsm_traffic_light.o
 .debug_frame   0x00000000000003b4       0xd4 ./Core/Src/main.o
 .debug_frame   0x0000000000000488       0x60 ./Core/Src/software_timer.o
 .debug_frame   0x00000000000004e8       0x80 ./Core/Src/stm32f1xx_hal_msp.o
 .debug_frame   0x0000000000000568      0x120 ./Core/Src/stm32f1xx_it.o
 .debug_frame   0x0000000000000688       0x58 ./Core/Src/system_stm32f1xx.o
 .debug_frame   0x00000000000006e0      0x334 ./Drivers/STM32F1xx_HAL_Driver/Src/stm32f1xx_hal.o
 .debug_frame   0x0000000000000a14      0x428 ./Drivers/STM32F1xx_HAL_Driver/Src/stm32f1xx_hal_cortex.o
 .debug_frame   0x0000000000000e3c      0x14c ./Drivers/STM32F1xx_HAL_Driver/Src/stm32f1xx_hal_gpio.o
 .debug_frame   0x0000000000000f88      0x21c ./Drivers/STM32F1xx_HAL_Driver/Src/stm32f1xx_hal_rcc.o
 .debug_frame   0x00000000000011a4     0x11b8 ./Drivers/STM32F1xx_HAL_Driver/Src/stm32f1xx_hal_tim.o
 .debug_frame   0x000000000000235c      0x638 ./Drivers/STM32F1xx_HAL_Driver/Src/stm32f1xx_hal_tim_ex.o
 .debug_frame   0x0000000000002994       0x2c d:/stm32/stm32cubeide_1.7.0/stm32cubeide/plugins/com.st.stm32cube.ide.mcu.externaltools.gnu-tools-for-stm32.9-2020-q2-update.win32_2.0.0.202105311346/tools/bin/../lib/gcc/arm-none-eabi/9.3.1/../../../../arm-none-eabi/lib/thumb/v7-m/nofp\libc_nano.a(lib_a-init.o)
 .debug_frame   0x00000000000029c0       0x20 d:/stm32/stm32cubeide_1.7.0/stm32cubeide/plugins/com.st.stm32cube.ide.mcu.externaltools.gnu-tools-for-stm32.9-2020-q2-update.win32_2.0.0.202105311346/tools/bin/../lib/gcc/arm-none-eabi/9.3.1/../../../../arm-none-eabi/lib/thumb/v7-m/nofp\libc_nano.a(lib_a-memset.o)
