fsm_traffic_light.c:24:6:display_7_seg_north_south	72	static
fsm_traffic_light.c:129:6:display_7_seg_east_west	72	static
fsm_traffic_light.c:234:6:display_traffic_led	16	static
fsm_traffic_light.c:284:6:tmp_val_init	4	static
fsm_traffic_light.c:291:6:tmp_val_overload	4	static
fsm_traffic_light.c:307:6:number_processing	24	static
fsm_traffic_light.c:313:6:timer_scan_7seg	16	static
fsm_traffic_light.c:335:6:enable_trigger_scan	8	static
fsm_traffic_light.c:354:6:enable_display_7seg	24	static
fsm_traffic_light.c:397:6:fsm_traffic_light	24	static
