Archive member included to satisfy reference by file (symbol)

d:/stm32/stm32cubeide_1.7.0/stm32cubeide/plugins/com.st.stm32cube.ide.mcu.externaltools.gnu-tools-for-stm32.9-2020-q2-update.win32_2.0.0.202105311346/tools/bin/../lib/gcc/arm-none-eabi/9.3.1/../../../../arm-none-eabi/lib/thumb/v7-m/nofp\libc_nano.a(lib_a-errno.o)
                              ./Core/Src/syscalls.o (__errno)
d:/stm32/stm32cubeide_1.7.0/stm32cubeide/plugins/com.st.stm32cube.ide.mcu.externaltools.gnu-tools-for-stm32.9-2020-q2-update.win32_2.0.0.202105311346/tools/bin/../lib/gcc/arm-none-eabi/9.3.1/../../../../arm-none-eabi/lib/thumb/v7-m/nofp\libc_nano.a(lib_a-exit.o)
                              d:/stm32/stm32cubeide_1.7.0/stm32cubeide/plugins/com.st.stm32cube.ide.mcu.externaltools.gnu-tools-for-stm32.9-2020-q2-update.win32_2.0.0.202105311346/tools/bin/../lib/gcc/arm-none-eabi/9.3.1/../../../../arm-none-eabi/lib/thumb/v7-m/nofp/crt0.o (exit)
d:/stm32/stm32cubeide_1.7.0/stm32cubeide/plugins/com.st.stm32cube.ide.mcu.externaltools.gnu-tools-for-stm32.9-2020-q2-update.win32_2.0.0.202105311346/tools/bin/../lib/gcc/arm-none-eabi/9.3.1/../../../../arm-none-eabi/lib/thumb/v7-m/nofp\libc_nano.a(lib_a-impure.o)
                              d:/stm32/stm32cubeide_1.7.0/stm32cubeide/plugins/com.st.stm32cube.ide.mcu.externaltools.gnu-tools-for-stm32.9-2020-q2-update.win32_2.0.0.202105311346/tools/bin/../lib/gcc/arm-none-eabi/9.3.1/../../../../arm-none-eabi/lib/thumb/v7-m/nofp\libc_nano.a(lib_a-exit.o) (_global_impure_ptr)
d:/stm32/stm32cubeide_1.7.0/stm32cubeide/plugins/com.st.stm32cube.ide.mcu.externaltools.gnu-tools-for-stm32.9-2020-q2-update.win32_2.0.0.202105311346/tools/bin/../lib/gcc/arm-none-eabi/9.3.1/../../../../arm-none-eabi/lib/thumb/v7-m/nofp\libc_nano.a(lib_a-init.o)
                              d:/stm32/stm32cubeide_1.7.0/stm32cubeide/plugins/com.st.stm32cube.ide.mcu.externaltools.gnu-tools-for-stm32.9-2020-q2-update.win32_2.0.0.202105311346/tools/bin/../lib/gcc/arm-none-eabi/9.3.1/../../../../arm-none-eabi/lib/thumb/v7-m/nofp/crt0.o (__libc_init_array)
d:/stm32/stm32cubeide_1.7.0/stm32cubeide/plugins/com.st.stm32cube.ide.mcu.externaltools.gnu-tools-for-stm32.9-2020-q2-update.win32_2.0.0.202105311346/tools/bin/../lib/gcc/arm-none-eabi/9.3.1/../../../../arm-none-eabi/lib/thumb/v7-m/nofp\libc_nano.a(lib_a-memset.o)
                              d:/stm32/stm32cubeide_1.7.0/stm32cubeide/plugins/com.st.stm32cube.ide.mcu.externaltools.gnu-tools-for-stm32.9-2020-q2-update.win32_2.0.0.202105311346/tools/bin/../lib/gcc/arm-none-eabi/9.3.1/../../../../arm-none-eabi/lib/thumb/v7-m/nofp/crt0.o (memset)

Allocating common symbols
Common symbol       size              file

SCH_tasks_G         0x320             ./Core/Src/scheduler.o
uwTick              0x4               ./Drivers/STM32F1xx_HAL_Driver/Src/stm32f1xx_hal.o
pFlash              0x20              ./Drivers/STM32F1xx_HAL_Driver/Src/stm32f1xx_hal_flash.o
htim2               0x48              ./Core/Src/main.o

Discarded input sections

 .text          0x0000000000000000        0x0 d:/stm32/stm32cubeide_1.7.0/stm32cubeide/plugins/com.st.stm32cube.ide.mcu.externaltools.gnu-tools-for-stm32.9-2020-q2-update.win32_2.0.0.202105311346/tools/bin/../lib/gcc/arm-none-eabi/9.3.1/thumb/v7-m/nofp/crti.o
 .data          0x0000000000000000        0x0 d:/stm32/stm32cubeide_1.7.0/stm32cubeide/plugins/com.st.stm32cube.ide.mcu.externaltools.gnu-tools-for-stm32.9-2020-q2-update.win32_2.0.0.202105311346/tools/bin/../lib/gcc/arm-none-eabi/9.3.1/thumb/v7-m/nofp/crti.o
 .bss           0x0000000000000000        0x0 d:/stm32/stm32cubeide_1.7.0/stm32cubeide/plugins/com.st.stm32cube.ide.mcu.externaltools.gnu-tools-for-stm32.9-2020-q2-update.win32_2.0.0.202105311346/tools/bin/../lib/gcc/arm-none-eabi/9.3.1/thumb/v7-m/nofp/crti.o
 .data          0x0000000000000000        0x4 d:/stm32/stm32cubeide_1.7.0/stm32cubeide/plugins/com.st.stm32cube.ide.mcu.externaltools.gnu-tools-for-stm32.9-2020-q2-update.win32_2.0.0.202105311346/tools/bin/../lib/gcc/arm-none-eabi/9.3.1/thumb/v7-m/nofp/crtbegin.o
 .text          0x0000000000000000       0x7c d:/stm32/stm32cubeide_1.7.0/stm32cubeide/plugins/com.st.stm32cube.ide.mcu.externaltools.gnu-tools-for-stm32.9-2020-q2-update.win32_2.0.0.202105311346/tools/bin/../lib/gcc/arm-none-eabi/9.3.1/../../../../arm-none-eabi/lib/thumb/v7-m/nofp/crt0.o
 .data          0x0000000000000000        0x0 d:/stm32/stm32cubeide_1.7.0/stm32cubeide/plugins/com.st.stm32cube.ide.mcu.externaltools.gnu-tools-for-stm32.9-2020-q2-update.win32_2.0.0.202105311346/tools/bin/../lib/gcc/arm-none-eabi/9.3.1/../../../../arm-none-eabi/lib/thumb/v7-m/nofp/crt0.o
 .bss           0x0000000000000000        0x0 d:/stm32/stm32cubeide_1.7.0/stm32cubeide/plugins/com.st.stm32cube.ide.mcu.externaltools.gnu-tools-for-stm32.9-2020-q2-update.win32_2.0.0.202105311346/tools/bin/../lib/gcc/arm-none-eabi/9.3.1/../../../../arm-none-eabi/lib/thumb/v7-m/nofp/crt0.o
[...]
Memory Configuration

Name             Origin             Length             Attributes
RAM              0x0000000020000000 0x0000000000002800 xrw
FLASH            0x0000000008000000 0x0000000000008000 xr
*default*        0x0000000000000000 0xffffffffffffffff

Linker script and memory map

LOAD d:/stm32/stm32cubeide_1.7.0/stm32cubeide/plugins/com.st.stm32cube.ide.mcu.externaltools.gnu-tools-for-stm32.9-2020-q2-update.win32_2.0.0.202105311346/tools/bin/../lib/gcc/arm-none-eabi/9.3.1/thumb/v7-m/nofp/crti.o
LOAD d:/stm32/stm32cubeide_1.7.0/stm32cubeide/plugins/com.st.stm32cube.ide.mcu.externaltools.gnu-tools-for-stm32.9-2020-q2-update.win32_2.0.0.202105311346/tools/bin/../lib/gcc/arm-none-eabi/9.3.1/thumb/v7-m/nofp/crtbegin.o
LOAD d:/stm32/stm32cubeide_1.7.0/stm32cubeide/plugins/com.st.stm32cube.ide.mcu.externaltools.gnu-tools-for-stm32.9-2020-q2-update.win32_2.0.0.202105311346/tools/bin/../lib/gcc/arm-none-eabi/9.3.1/../../../../arm-none-eabi/lib/thumb/v7-m/nofp/crt0.o
LOAD ./Core/Src/button_reading.o
LOAD ./Core/Src/display_7seg.o
LOAD ./Core/Src/fsm_automatic.o
LOAD ./Core/Src/fsm_setting.o
LOAD ./Core/Src/global.o
LOAD ./Core/Src/main.o
LOAD ./Core/Src/scheduler.o
LOAD ./Core/Src/software_timer.o
LOAD ./Core/Src/stm32f1xx_hal_msp.o
LOAD ./Core/Src/stm32f1xx_it.o
LOAD ./Core/Src/syscalls.o
LOAD ./Core/Src/sysmem.o
LOAD ./Core/Src/system_stm32f1xx.o
LOAD ./Core/Startup/startup_stm32f103c6ux.o
LOAD ./Drivers/STM32F1xx_HAL_Driver/Src/stm32f1xx_hal.o
LOAD ./Drivers/STM32F1xx_HAL_Driver/Src/stm32f1xx_hal_cortex.o
LOAD ./Drivers/STM32F1xx_HAL_Driver/Src/stm32f1xx_hal_dma.o
LOAD ./Drivers/STM32F1xx_HAL_Driver/Src/stm32f1xx_hal_exti.o
LOAD ./Drivers/STM32F1xx_HAL_Driver/Src/stm32f1xx_hal_flash.o
LOAD ./Drivers/STM32F1xx_HAL_Driver/Src/stm32f1xx_hal_flash_ex.o
LOAD ./Drivers/STM32F1xx_HAL_Driver/Src/stm32f1xx_hal_gpio.o
LOAD ./Drivers/STM32F1xx_HAL_Driver/Src/stm32f1xx_hal_gpio_ex.o
LOAD ./Drivers/STM32F1xx_HAL_Driver/Src/stm32f1xx_hal_pwr.o
LOAD ./Drivers/STM32F1xx_HAL_Driver/Src/stm32f1xx_hal_rcc.o
LOAD ./Drivers/STM32F1xx_HAL_Driver/Src/stm32f1xx_hal_rcc_ex.o
LOAD ./Drivers/STM32F1xx_HAL_Driver/Src/stm32f1xx_hal_tim.o
LOAD ./Drivers/STM32F1xx_HAL_Driver/Src/stm32f1xx_hal_tim_ex.o
START GROUP
LOAD d:/stm32/stm32cubeide_1.7.0/stm32cubeide/plugins/com.st.stm32cube.ide.mcu.externaltools.gnu-tools-for-stm32.9-2020-q2-update.win32_2.0.0.202105311346/tools/bin/../lib/gcc/arm-none-eabi/9.3.1/../../../../arm-none-eabi/lib/thumb/v7-m/nofp\libc_nano.a
LOAD d:/stm32/stm32cubeide_1.7.0/stm32cubeide/plugins/com.st.stm32cube.ide.mcu.externaltools.gnu-tools-for-stm32.9-2020-q2-update.win32_2.0.0.202105311346/tools/bin/../lib/gcc/arm-none-eabi/9.3.1/../../../../arm-none-eabi/lib/thumb/v7-m/nofp\libm.a
END GROUP
START GROUP
LOAD d:/stm32/stm32cubeide_1.7.0/stm32cubeide/plugins/com.st.stm32cube.ide.mcu.externaltools.gnu-tools-for-stm32.9-2020-q2-update.win32_2.0.0.202105311346/tools/bin/../lib/gcc/arm-none-eabi/9.3.1/thumb/v7-m/nofp\libgcc.a
LOAD d:/stm32/stm32cubeide_1.7.0/stm32cubeide/plugins/com.st.stm32cube.ide.mcu.externaltools.gnu-tools-for-stm32.9-2020-q2-update.win32_2.0.0.202105311346/tools/bin/../lib/gcc/arm-none-eabi/9.3.1/../../../../arm-none-eabi/lib/thumb/v7-m/nofp\libc_nano.a
END GROUP
START GROUP
LOAD d:/stm32/stm32cubeide_1.7.0/stm32cubeide/plugins/com.st.stm32cube.ide.mcu.externaltools.gnu-tools-for-stm32.9-2020-q2-update.win32_2.0.0.202105311346/tools/bin/../lib/gcc/arm-none-eabi/9.3.1/thumb/v7-m/nofp\libgcc.a
LOAD d:/stm32/stm32cubeide_1.7.0/stm32cubeide/plugins/com.st.stm32cube.ide.mcu.externaltools.gnu-tools-for-stm32.9-2020-q2-update.win32_2.0.0.202105311346/tools/bin/../lib/gcc/arm-none-eabi/9.3.1/../../../../arm-none-eabi/lib/thumb/v7-m/nofp\libc_nano.a
LOAD d:/stm32/stm32cubeide_1.7.0/stm32cubeide/plugins/com.st.stm32cube.ide.mcu.externaltools.gnu-tools-for-stm32.9-2020-q2-update.win32_2.0.0.202105311346/tools/bin/../lib/gcc/arm-none-eabi/9.3.1/../../../../arm-none-eabi/lib/thumb/v7-m/nofp\libnosys.a
END GROUP
START GROUP
LOAD d:/stm32/stm32cubeide_1.7.0/stm32cubeide/plugins/com.st.stm32cube.ide.mcu.externaltools.gnu-tools-for-stm32.9-2020-q2-update.win32_2.0.0.202105311346/tools/bin/../lib/gcc/arm-none-eabi/9.3.1/thumb/v7-m/nofp\libgcc.a
LOAD d:/stm32/stm32cubeide_1.7.0/stm32cubeide/plugins/com.st.stm32cube.ide.mcu.externaltools.gnu-tools-for-stm32.9-2020-q2-update.win32_2.0.0.202105311346/tools/bin/../lib/gcc/arm-none-eabi/9.3.1/../../../../arm-none-eabi/lib/thumb/v7-m/nofp\libc_nano.a
LOAD d:/stm32/stm32cubeide_1.7.0/stm32cubeide/plugins/com.st.stm32cube.ide.mcu.externaltools.gnu-tools-for-stm32.9-2020-q2-update.win32_2.0.0.202105311346/tools/bin/../lib/gcc/arm-none-eabi/9.3.1/../../../../arm-none-eabi/lib/thumb/v7-m/nofp\libnosys.a
END GROUP
LOAD d:/stm32/stm32cubeide_1.7.0/stm32cubeide/plugins/com.st.stm32cube.ide.mcu.externaltools.gnu-tools-for-stm32.9-2020-q2-update.win32_2.0.0.202105311346/tools/bin/../lib/gcc/arm-none-eabi/9.3.1/thumb/v7-m/nofp/crtend.o
LOAD d:/stm32/stm32cubeide_1.7.0/stm32cubeide/plugins/com.st.stm32cube.ide.mcu.externaltools.gnu-tools-for-stm32.9-2020-q2-update.win32_2.0.0.202105311346/tools/bin/../lib/gcc/arm-none-eabi/9.3.1/thumb/v7-m/nofp/crtn.o
                0x0000000020002800                _estack = (ORIGIN (RAM) + LENGTH (RAM))
                0x0000000000000200                _Min_Heap_Size = 0x200
                0x0000000000000400                _Min_Stack_Size = 0x400

.isr_vector     0x0000000008000000      0x10c
                0x0000000008000000                . = ALIGN (0x4)
 *(.isr_vector)
 .isr_vector    0x0000000008000000      0x10c ./Core/Startup/startup_stm32f103c6ux.o
                0x0000000008000000                g_pfnVectors
                0x000000000800010c                . = ALIGN (0x4)

.text           0x000000000800010c     0x2b94
                0x000000000800010c                . = ALIGN (0x4)
 *(.text)
 .text          0x000000000800010c       0x40 d:/stm32/stm32cubeide_1.7.0/stm32cubeide/plugins/com.st.stm32cube.ide.mcu.externaltools.gnu-tools-for-stm32.9-2020-q2-update.win32_2.0.0.202105311346/tools/bin/../lib/gcc/arm-none-eabi/9.3.1/thumb/v7-m/nofp/crtbegin.o
 *(.text*)
 .text.getbutton1Value
                0x000000000800014c       0x6c ./Core/Src/button_reading.o
                0x000000000800014c                getbutton1Value
 .text.getbutton2Value
                0x00000000080001b8       0x6c ./Core/Src/button_reading.o
                0x00000000080001b8                getbutton2Value
 .text.getbutton3Value
                0x0000000008000224       0x6c ./Core/Src/button_reading.o
                0x0000000008000224                getbutton3Value
 .text.isButton1Pressed
                0x0000000008000290       0x24 ./Core/Src/button_reading.o
                0x0000000008000290                isButton1Pressed
 .text.isButton2Pressed
                0x00000000080002b4       0x24 ./Core/Src/button_reading.o
                0x00000000080002b4                isButton2Pressed
 .text.isButton3Pressed
                0x00000000080002d8       0x24 ./Core/Src/button_reading.o
                0x00000000080002d8                isButton3Pressed
 .text.getButtonValue
                0x00000000080002fc       0x14 ./Core/Src/button_reading.o
                0x00000000080002fc                getButtonValue
 .text.displaySegment
                0x0000000008000310      0x114 ./Core/Src/display_7seg.o
                0x0000000008000310                displaySegment
 .text.setEnableSignal
                0x0000000008000424       0xf4 ./Core/Src/display_7seg.o
                0x0000000008000424                setEnableSignal
 .text.displayNumber
                0x0000000008000518      0x320 ./Core/Src/display_7seg.o
                0x0000000008000518                displayNumber
 .text.updateBufferWithMode
                0x0000000008000838       0xfc ./Core/Src/display_7seg.o
                0x0000000008000838                updateBufferWithMode
 .text.allLEDoff
                0x0000000008000934       0x18 ./Core/Src/fsm_automatic.o
                0x0000000008000934                allLEDoff
 .text.fsm_automatic
                0x000000000800094c      0x36c ./Core/Src/fsm_automatic.o
                0x000000000800094c                fsm_automatic
 .text.blinkyLed
                0x0000000008000cb8       0xe0 ./Core/Src/fsm_setting.o
                0x0000000008000cb8                blinkyLed
 .text.fsm_setting
                0x0000000008000d98      0x214 ./Core/Src/fsm_setting.o
                0x0000000008000d98                fsm_setting
 .text.main     0x0000000008000fac       0x38 ./Core/Src/main.o
                0x0000000008000fac                main
 .text.SystemClock_Config
                0x0000000008000fe4       0x76 ./Core/Src/main.o
                0x0000000008000fe4                SystemClock_Config
 *fill*         0x000000000800105a        0x2 
 .text.MX_TIM2_Init
                0x000000000800105c       0x98 ./Core/Src/main.o
 .text.MX_GPIO_Init
                0x00000000080010f4       0xe4 ./Core/Src/main.o
 .text.HAL_TIM_PeriodElapsedCallback
                0x00000000080011d8       0x18 ./Core/Src/main.o
                0x00000000080011d8                HAL_TIM_PeriodElapsedCallback
 .text.Error_Handler
                0x00000000080011f0        0xa ./Core/Src/main.o
                0x00000000080011f0                Error_Handler
 .text.SCH_Init
                0x00000000080011fa       0x2a ./Core/Src/scheduler.o
                0x00000000080011fa                SCH_Init
 .text.SCH_Update
                0x0000000008001224       0xe0 ./Core/Src/scheduler.o
                0x0000000008001224                SCH_Update
 .text.SCH_Add_Task
                0x0000000008001304       0xc0 ./Core/Src/scheduler.o
                0x0000000008001304                SCH_Add_Task
 .text.SCH_Dispatch_Tasks
                0x00000000080013c4       0x98 ./Core/Src/scheduler.o
                0x00000000080013c4                SCH_Dispatch_Tasks
 .text.SCH_Delete_Task
                0x000000000800145c       0x80 ./Core/Src/scheduler.o
                0x000000000800145c                SCH_Delete_Task
 .text.HAL_MspInit
                0x00000000080014dc       0x64 ./Core/Src/stm32f1xx_hal_msp.o
                0x00000000080014dc                HAL_MspInit
 .text.HAL_TIM_Base_MspInit
                0x0000000008001540       0x48 ./Core/Src/stm32f1xx_hal_msp.o
                0x0000000008001540                HAL_TIM_Base_MspInit
 .text.NMI_Handler
                0x0000000008001588        0x6 ./Core/Src/stm32f1xx_it.o
                0x0000000008001588                NMI_Handler
 .text.HardFault_Handler
                0x000000000800158e        0x6 ./Core/Src/stm32f1xx_it.o
                0x000000000800158e                HardFault_Handler
 .text.MemManage_Handler
                0x0000000008001594        0x6 ./Core/Src/stm32f1xx_it.o
                0x0000000008001594                MemManage_Handler
 .text.BusFault_Handler
                0x000000000800159a        0x6 ./Core/Src/stm32f1xx_it.o
                0x000000000800159a                BusFault_Handler
 .text.UsageFault_Handler
                0x00000000080015a0        0x6 ./Core/Src/stm32f1xx_it.o
                0x00000000080015a0                UsageFault_Handler
 .text.SVC_Handler
                0x00000000080015a6        0xc ./Core/Src/stm32f1xx_it.o
                0x00000000080015a6                SVC_Handler
 .text.DebugMon_Handler
                0x00000000080015b2        0xc ./Core/Src/stm32f1xx_it.o
                0x00000000080015b2                DebugMon_Handler
 .text.PendSV_Handler
                0x00000000080015be        0xc ./Core/Src/stm32f1xx_it.o
                0x00000000080015be                PendSV_Handler
 .text.SysTick_Handler
                0x00000000080015ca        0xc ./Core/Src/stm32f1xx_it.o
                0x00000000080015ca                SysTick_Handler
 *fill*         0x00000000080015d6        0x2 
 .text.TIM2_IRQHandler
                0x00000000080015d8       0x14 ./Core/Src/stm32f1xx_it.o
                0x00000000080015d8                TIM2_IRQHandler
 .text.SystemInit
                0x00000000080015ec        0xc ./Core/Src/system_stm32f1xx.o
                0x00000000080015ec                SystemInit
 .text.Reset_Handler
                0x00000000080015f8       0x48 ./Core/Startup/startup_stm32f103c6ux.o
                0x00000000080015f8                Reset_Handler
 .text.Default_Handler
                0x0000000008001640        0x2 ./Core/Startup/startup_stm32f103c6ux.o
                0x0000000008001640                RTC_Alarm_IRQHandler
                0x0000000008001640                EXTI2_IRQHandler
                0x0000000008001640                TIM1_CC_IRQHandler
                0x0000000008001640                PVD_IRQHandler
                0x0000000008001640                EXTI3_IRQHandler
                0x0000000008001640                EXTI0_IRQHandler
                0x0000000008001640                ADC1_2_IRQHandler
                0x0000000008001640                SPI1_IRQHandler
                0x0000000008001640                TAMPER_IRQHandler
                0x0000000008001640                DMA1_Channel4_IRQHandler
                0x0000000008001640                RTC_IRQHandler
                0x0000000008001640                DMA1_Channel7_IRQHandler
                0x0000000008001640                CAN1_RX1_IRQHandler
                0x0000000008001640                I2C1_EV_IRQHandler
                0x0000000008001640                DMA1_Channel6_IRQHandler
                0x0000000008001640                TIM3_IRQHandler
                0x0000000008001640                RCC_IRQHandler
                0x0000000008001640                TIM1_TRG_COM_IRQHandler
                0x0000000008001640                DMA1_Channel1_IRQHandler
                0x0000000008001640                Default_Handler
                0x0000000008001640                EXTI15_10_IRQHandler
                0x0000000008001640                EXTI9_5_IRQHandler
                0x0000000008001640                DMA1_Channel5_IRQHandler
                0x0000000008001640                EXTI4_IRQHandler
                0x0000000008001640                USB_LP_CAN1_RX0_IRQHandler
                0x0000000008001640                USB_HP_CAN1_TX_IRQHandler
                0x0000000008001640                DMA1_Channel3_IRQHandler
                0x0000000008001640                TIM1_UP_IRQHandler
                0x0000000008001640                WWDG_IRQHandler
                0x0000000008001640                TIM1_BRK_IRQHandler
                0x0000000008001640                EXTI1_IRQHandler
                0x0000000008001640                USART2_IRQHandler
                0x0000000008001640                DMA1_Channel2_IRQHandler
                0x0000000008001640                CAN1_SCE_IRQHandler
                0x0000000008001640                FLASH_IRQHandler
                0x0000000008001640                USART1_IRQHandler
                0x0000000008001640                I2C1_ER_IRQHandler
                0x0000000008001640                USBWakeUp_IRQHandler
 *fill*         0x0000000008001642        0x2 
 .text.HAL_Init
                0x0000000008001644       0x2c ./Drivers/STM32F1xx_HAL_Driver/Src/stm32f1xx_hal.o
                0x0000000008001644                HAL_Init
 .text.HAL_InitTick
                0x0000000008001670       0x60 ./Drivers/STM32F1xx_HAL_Driver/Src/stm32f1xx_hal.o
                0x0000000008001670                HAL_InitTick
 .text.HAL_IncTick
                0x00000000080016d0       0x24 ./Drivers/STM32F1xx_HAL_Driver/Src/stm32f1xx_hal.o
                0x00000000080016d0                HAL_IncTick
 .text.HAL_GetTick
                0x00000000080016f4       0x14 ./Drivers/STM32F1xx_HAL_Driver/Src/stm32f1xx_hal.o
                0x00000000080016f4                HAL_GetTick
 .text.__NVIC_SetPriorityGrouping
                0x0000000008001708       0x48 ./Drivers/STM32F1xx_HAL_Driver/Src/stm32f1xx_hal_cortex.o
 .text.__NVIC_GetPriorityGrouping
                0x0000000008001750       0x1c ./Drivers/STM32F1xx_HAL_Driver/Src/stm32f1xx_hal_cortex.o
 .text.__NVIC_EnableIRQ
                0x000000000800176c       0x38 ./Drivers/STM32F1xx_HAL_Driver/Src/stm32f1xx_hal_cortex.o
 .text.__NVIC_SetPriority
                0x00000000080017a4       0x54 ./Drivers/STM32F1xx_HAL_Driver/Src/stm32f1xx_hal_cortex.o
 .text.NVIC_EncodePriority
                0x00000000080017f8       0x64 ./Drivers/STM32F1xx_HAL_Driver/Src/stm32f1xx_hal_cortex.o
 .text.SysTick_Config
                0x000000000800185c       0x44 ./Drivers/STM32F1xx_HAL_Driver/Src/stm32f1xx_hal_cortex.o
 .text.HAL_NVIC_SetPriorityGrouping
                0x00000000080018a0       0x16 ./Drivers/STM32F1xx_HAL_Driver/Src/stm32f1xx_hal_cortex.o
                0x00000000080018a0                HAL_NVIC_SetPriorityGrouping
 .text.HAL_NVIC_SetPriority
                0x00000000080018b6       0x38 ./Drivers/STM32F1xx_HAL_Driver/Src/stm32f1xx_hal_cortex.o
                0x00000000080018b6                HAL_NVIC_SetPriority
 .text.HAL_NVIC_EnableIRQ
                0x00000000080018ee       0x1c ./Drivers/STM32F1xx_HAL_Driver/Src/stm32f1xx_hal_cortex.o
                0x00000000080018ee                HAL_NVIC_EnableIRQ
 .text.HAL_SYSTICK_Config
                0x000000000800190a       0x18 ./Drivers/STM32F1xx_HAL_Driver/Src/stm32f1xx_hal_cortex.o
                0x000000000800190a                HAL_SYSTICK_Config
 *fill*         0x0000000008001922        0x2 
 .text.HAL_GPIO_Init
                0x0000000008001924      0x2f4 ./Drivers/STM32F1xx_HAL_Driver/Src/stm32f1xx_hal_gpio.o
                0x0000000008001924                HAL_GPIO_Init
 .text.HAL_GPIO_ReadPin
                0x0000000008001c18       0x2e ./Drivers/STM32F1xx_HAL_Driver/Src/stm32f1xx_hal_gpio.o
                0x0000000008001c18                HAL_GPIO_ReadPin
 .text.HAL_GPIO_WritePin
                0x0000000008001c46       0x30 ./Drivers/STM32F1xx_HAL_Driver/Src/stm32f1xx_hal_gpio.o
                0x0000000008001c46                HAL_GPIO_WritePin
 .text.HAL_GPIO_TogglePin
                0x0000000008001c76       0x32 ./Drivers/STM32F1xx_HAL_Driver/Src/stm32f1xx_hal_gpio.o
                0x0000000008001c76                HAL_GPIO_TogglePin
 .text.HAL_RCC_OscConfig
                0x0000000008001ca8      0x500 ./Drivers/STM32F1xx_HAL_Driver/Src/stm32f1xx_hal_rcc.o
                0x0000000008001ca8                HAL_RCC_OscConfig
 .text.HAL_RCC_ClockConfig
                0x00000000080021a8      0x1d4 ./Drivers/STM32F1xx_HAL_Driver/Src/stm32f1xx_hal_rcc.o
                0x00000000080021a8                HAL_RCC_ClockConfig
 .text.HAL_RCC_GetSysClockFreq
                0x000000000800237c       0xa8 ./Drivers/STM32F1xx_HAL_Driver/Src/stm32f1xx_hal_rcc.o
                0x000000000800237c                HAL_RCC_GetSysClockFreq
 .text.RCC_Delay
                0x0000000008002424       0x3c ./Drivers/STM32F1xx_HAL_Driver/Src/stm32f1xx_hal_rcc.o
 .text.HAL_TIM_Base_Init
                0x0000000008002460       0x9e ./Drivers/STM32F1xx_HAL_Driver/Src/stm32f1xx_hal_tim.o
                0x0000000008002460                HAL_TIM_Base_Init
 *fill*         0x00000000080024fe        0x2 
 .text.HAL_TIM_Base_Start_IT
                0x0000000008002500       0x98 ./Drivers/STM32F1xx_HAL_Driver/Src/stm32f1xx_hal_tim.o
                0x0000000008002500                HAL_TIM_Base_Start_IT
 .text.HAL_TIM_IRQHandler
                0x0000000008002598      0x210 ./Drivers/STM32F1xx_HAL_Driver/Src/stm32f1xx_hal_tim.o
                0x0000000008002598                HAL_TIM_IRQHandler
 .text.HAL_TIM_ConfigClockSource
                0x00000000080027a8      0x18e ./Drivers/STM32F1xx_HAL_Driver/Src/stm32f1xx_hal_tim.o
                0x00000000080027a8                HAL_TIM_ConfigClockSource
 .text.HAL_TIM_OC_DelayElapsedCallback
                0x0000000008002936       0x12 ./Drivers/STM32F1xx_HAL_Driver/Src/stm32f1xx_hal_tim.o
                0x0000000008002936                HAL_TIM_OC_DelayElapsedCallback
 .text.HAL_TIM_IC_CaptureCallback
                0x0000000008002948       0x12 ./Drivers/STM32F1xx_HAL_Driver/Src/stm32f1xx_hal_tim.o
                0x0000000008002948                HAL_TIM_IC_CaptureCallback
 .text.HAL_TIM_PWM_PulseFinishedCallback
                0x000000000800295a       0x12 ./Drivers/STM32F1xx_HAL_Driver/Src/stm32f1xx_hal_tim.o
                0x000000000800295a                HAL_TIM_PWM_PulseFinishedCallback
 .text.HAL_TIM_TriggerCallback
                0x000000000800296c       0x12 ./Drivers/STM32F1xx_HAL_Driver/Src/stm32f1xx_hal_tim.o
                0x000000000800296c                HAL_TIM_TriggerCallback
 *fill*         0x000000000800297e        0x2 
 .text.TIM_Base_SetConfig
                0x0000000008002980       0xb0 ./Drivers/STM32F1xx_HAL_Driver/Src/stm32f1xx_hal_tim.o
                0x0000000008002980                TIM_Base_SetConfig
 .text.TIM_TI1_ConfigInputStage
                0x0000000008002a30       0x5c ./Drivers/STM32F1xx_HAL_Driver/Src/stm32f1xx_hal_tim.o
 .text.TIM_TI2_ConfigInputStage
                0x0000000008002a8c       0x5e ./Drivers/STM32F1xx_HAL_Driver/Src/stm32f1xx_hal_tim.o
 .text.TIM_ITRx_SetConfig
                0x0000000008002aea       0x34 ./Drivers/STM32F1xx_HAL_Driver/Src/stm32f1xx_hal_tim.o
 .text.TIM_ETR_SetConfig
                0x0000000008002b1e       0x3e ./Drivers/STM32F1xx_HAL_Driver/Src/stm32f1xx_hal_tim.o
                0x0000000008002b1e                TIM_ETR_SetConfig
 .text.HAL_TIMEx_MasterConfigSynchronization
                0x0000000008002b5c       0xb0 ./Drivers/STM32F1xx_HAL_Driver/Src/stm32f1xx_hal_tim_ex.o
                0x0000000008002b5c                HAL_TIMEx_MasterConfigSynchronization
 .text.HAL_TIMEx_CommutCallback
                0x0000000008002c0c       0x12 ./Drivers/STM32F1xx_HAL_Driver/Src/stm32f1xx_hal_tim_ex.o
                0x0000000008002c0c                HAL_TIMEx_CommutCallback
 .text.HAL_TIMEx_BreakCallback
                0x0000000008002c1e       0x12 ./Drivers/STM32F1xx_HAL_Driver/Src/stm32f1xx_hal_tim_ex.o
                0x0000000008002c1e                HAL_TIMEx_BreakCallback
 .text.__libc_init_array
                0x0000000008002c30       0x48 d:/stm32/stm32cubeide_1.7.0/stm32cubeide/plugins/com.st.stm32cube.ide.mcu.externaltools.gnu-tools-for-stm32.9-2020-q2-update.win32_2.0.0.202105311346/tools/bin/../lib/gcc/arm-none-eabi/9.3.1/../../../../arm-none-eabi/lib/thumb/v7-m/nofp\libc_nano.a(lib_a-init.o)
                0x0000000008002c30                __libc_init_array
 .text.memset   0x0000000008002c78       0x10 d:/stm32/stm32cubeide_1.7.0/stm32cubeide/plugins/com.st.stm32cube.ide.mcu.externaltools.gnu-tools-for-stm32.9-2020-q2-update.win32_2.0.0.202105311346/tools/bin/../lib/gcc/arm-none-eabi/9.3.1/../../../../arm-none-eabi/lib/thumb/v7-m/nofp\libc_nano.a(lib_a-memset.o)
                0x0000000008002c78                memset
 *(.glue_7)
 .glue_7        0x0000000008002c88        0x0 linker stubs
 *(.glue_7t)
 .glue_7t       0x0000000008002c88        0x0 linker stubs
 *(.eh_frame)
 .eh_frame      0x0000000008002c88        0x0 d:/stm32/stm32cubeide_1.7.0/stm32cubeide/plugins/com.st.stm32cube.ide.mcu.externaltools.gnu-tools-for-stm32.9-2020-q2-update.win32_2.0.0.202105311346/tools/bin/../lib/gcc/arm-none-eabi/9.3.1/thumb/v7-m/nofp/crtbegin.o
 *(.init)
 .init          0x0000000008002c88        0x4 d:/stm32/stm32cubeide_1.7.0/stm32cubeide/plugins/com.st.stm32cube.ide.mcu.externaltools.gnu-tools-for-stm32.9-2020-q2-update.win32_2.0.0.202105311346/tools/bin/../lib/gcc/arm-none-eabi/9.3.1/thumb/v7-m/nofp/crti.o
                0x0000000008002c88                _init
 .init          0x0000000008002c8c        0x8 d:/stm32/stm32cubeide_1.7.0/stm32cubeide/plugins/com.st.stm32cube.ide.mcu.externaltools.gnu-tools-for-stm32.9-2020-q2-update.win32_2.0.0.202105311346/tools/bin/../lib/gcc/arm-none-eabi/9.3.1/thumb/v7-m/nofp/crtn.o
 *(.fini)
 .fini          0x0000000008002c94        0x4 d:/stm32/stm32cubeide_1.7.0/stm32cubeide/plugins/com.st.stm32cube.ide.mcu.externaltools.gnu-tools-for-stm32.9-2020-q2-update.win32_2.0.0.202105311346/tools/bin/../lib/gcc/arm-none-eabi/9.3.1/thumb/v7-m/nofp/crti.o
                0x0000000008002c94                _fini
 .fini          0x0000000008002c98        0x8 d:/stm32/stm32cubeide_1.7.0/stm32cubeide/plugins/com.st.stm32cube.ide.mcu.externaltools.gnu-tools-for-stm32.9-2020-q2-update.win32_2.0.0.202105311346/tools/bin/../lib/gcc/arm-none-eabi/9.3.1/thumb/v7-m/nofp/crtn.o
                0x0000000008002ca0                . = ALIGN (0x4)
                0x0000000008002ca0                _etext = .

.vfp11_veneer   0x0000000008002ca0        0x0
 .vfp11_veneer  0x0000000008002ca0        0x0 linker stubs

.v4_bx          0x0000000008002ca0        0x0
 .v4_bx         0x0000000008002ca0        0x0 linker stubs

.iplt           0x0000000008002ca0        0x0
 .iplt          0x0000000008002ca0        0x0 d:/stm32/stm32cubeide_1.7.0/stm32cubeide/plugins/com.st.stm32cube.ide.mcu.externaltools.gnu-tools-for-stm32.9-2020-q2-update.win32_2.0.0.202105311346/tools/bin/../lib/gcc/arm-none-eabi/9.3.1/thumb/v7-m/nofp/crtbegin.o

.rodata         0x0000000008002ca0       0x24
                0x0000000008002ca0                . = ALIGN (0x4)
 *(.rodata)
 *(.rodata*)
 .rodata.AHBPrescTable
                0x0000000008002ca0       0x10 ./Core/Src/system_stm32f1xx.o
                0x0000000008002ca0                AHBPrescTable
 .rodata.aPLLMULFactorTable.6032
                0x0000000008002cb0       0x10 ./Drivers/STM32F1xx_HAL_Driver/Src/stm32f1xx_hal_rcc.o
 .rodata.aPredivFactorTable.6033
                0x0000000008002cc0        0x2 ./Drivers/STM32F1xx_HAL_Driver/Src/stm32f1xx_hal_rcc.o
                0x0000000008002cc4                . = ALIGN (0x4)
 *fill*         0x0000000008002cc2        0x2 

.rel.dyn        0x0000000008002cc4        0x0
 .rel.iplt      0x0000000008002cc4        0x0 d:/stm32/stm32cubeide_1.7.0/stm32cubeide/plugins/com.st.stm32cube.ide.mcu.externaltools.gnu-tools-for-stm32.9-2020-q2-update.win32_2.0.0.202105311346/tools/bin/../lib/gcc/arm-none-eabi/9.3.1/thumb/v7-m/nofp/crtbegin.o

.ARM.extab      0x0000000008002cc4        0x0
                0x0000000008002cc4                . = ALIGN (0x4)
 *(.ARM.extab* .gnu.linkonce.armextab.*)
                0x0000000008002cc4                . = ALIGN (0x4)

.ARM            0x0000000008002cc4        0x0
                0x0000000008002cc4                . = ALIGN (0x4)
                0x0000000008002cc4                __exidx_start = .
 *(.ARM.exidx*)
                0x0000000008002cc4                __exidx_end = .
                0x0000000008002cc4                . = ALIGN (0x4)

.preinit_array  0x0000000008002cc4        0x0
                0x0000000008002cc4                . = ALIGN (0x4)
                0x0000000008002cc4                PROVIDE (__preinit_array_start = .)
 *(.preinit_array*)
                0x0000000008002cc4                PROVIDE (__preinit_array_end = .)
                0x0000000008002cc4                . = ALIGN (0x4)

.init_array     0x0000000008002cc4        0x4
                0x0000000008002cc4                . = ALIGN (0x4)
                0x0000000008002cc4                PROVIDE (__init_array_start = .)
 *(SORT_BY_NAME(.init_array.*))
 *(.init_array*)
 .init_array    0x0000000008002cc4        0x4 d:/stm32/stm32cubeide_1.7.0/stm32cubeide/plugins/com.st.stm32cube.ide.mcu.externaltools.gnu-tools-for-stm32.9-2020-q2-update.win32_2.0.0.202105311346/tools/bin/../lib/gcc/arm-none-eabi/9.3.1/thumb/v7-m/nofp/crtbegin.o
                0x0000000008002cc8                PROVIDE (__init_array_end = .)
                0x0000000008002cc8                . = ALIGN (0x4)

.fini_array     0x0000000008002cc8        0x4
                0x0000000008002cc8                . = ALIGN (0x4)
                [!provide]                        PROVIDE (__fini_array_start = .)
 *(SORT_BY_NAME(.fini_array.*))
 *(.fini_array*)
 .fini_array    0x0000000008002cc8        0x4 d:/stm32/stm32cubeide_1.7.0/stm32cubeide/plugins/com.st.stm32cube.ide.mcu.externaltools.gnu-tools-for-stm32.9-2020-q2-update.win32_2.0.0.202105311346/tools/bin/../lib/gcc/arm-none-eabi/9.3.1/thumb/v7-m/nofp/crtbegin.o
                [!provide]                        PROVIDE (__fini_array_end = .)
                0x0000000008002ccc                . = ALIGN (0x4)
                0x0000000008002ccc                _sidata = LOADADDR (.data)

.data           0x0000000020000000       0x70 load address 0x0000000008002ccc
                0x0000000020000000                . = ALIGN (0x4)
                0x0000000020000000                _sdata = .
 *(.data)
 *(.data*)
 .data.button1  0x0000000020000000       0x14 ./Core/Src/button_reading.o
                0x0000000020000000                button1
 .data.button2  0x0000000020000014       0x14 ./Core/Src/button_reading.o
                0x0000000020000014                button2
 .data.button3  0x0000000020000028       0x14 ./Core/Src/button_reading.o
                0x0000000020000028                button3
 .data.autoStatus
                0x000000002000003c        0x4 ./Core/Src/global.o
                0x000000002000003c                autoStatus
 .data.timeRed  0x0000000020000040        0x4 ./Core/Src/global.o
                0x0000000020000040                timeRed
 .data.timeYellow
                0x0000000020000044        0x4 ./Core/Src/global.o
                0x0000000020000044                timeYellow
 .data.timeGreen
                0x0000000020000048        0x4 ./Core/Src/global.o
                0x0000000020000048                timeGreen
 .data.FSM_STATUS
                0x000000002000004c        0x4 ./Core/Src/global.o
                0x000000002000004c                FSM_STATUS
 .data.BLINKY_LED_STATUS
                0x0000000020000050        0x4 ./Core/Src/global.o
                0x0000000020000050                BLINKY_LED_STATUS
 .data.STATUS_7SEG
                0x0000000020000054        0x4 ./Core/Src/global.o
                0x0000000020000054                STATUS_7SEG
 .data.count_7SEG
                0x0000000020000058        0x4 ./Core/Src/global.o
                0x0000000020000058                count_7SEG
 .data.count_blink
                0x000000002000005c        0x4 ./Core/Src/global.o
                0x000000002000005c                count_blink
 .data.count_auto
                0x0000000020000060        0x4 ./Core/Src/global.o
                0x0000000020000060                count_auto
 .data.SystemCoreClock
                0x0000000020000064        0x4 ./Core/Src/system_stm32f1xx.o
                0x0000000020000064                SystemCoreClock
 .data.uwTickPrio
                0x0000000020000068        0x4 ./Drivers/STM32F1xx_HAL_Driver/Src/stm32f1xx_hal.o
                0x0000000020000068                uwTickPrio
 .data.uwTickFreq
                0x000000002000006c        0x1 ./Drivers/STM32F1xx_HAL_Driver/Src/stm32f1xx_hal.o
                0x000000002000006c                uwTickFreq
 *(.RamFunc)
 *(.RamFunc*)
                0x0000000020000070                . = ALIGN (0x4)
 *fill*         0x000000002000006d        0x3 
                0x0000000020000070                _edata = .

.igot.plt       0x0000000020000070        0x0 load address 0x0000000008002d3c
 .igot.plt      0x0000000020000070        0x0 d:/stm32/stm32cubeide_1.7.0/stm32cubeide/plugins/com.st.stm32cube.ide.mcu.externaltools.gnu-tools-for-stm32.9-2020-q2-update.win32_2.0.0.202105311346/tools/bin/../lib/gcc/arm-none-eabi/9.3.1/thumb/v7-m/nofp/crtbegin.o
                0x0000000020000070                . = ALIGN (0x4)

.bss            0x0000000020000070      0x3a4 load address 0x0000000008002d3c
                0x0000000020000070                _sbss = .
                0x0000000020000070                __bss_start__ = _sbss
 *(.bss)
 .bss           0x0000000020000070       0x1c d:/stm32/stm32cubeide_1.7.0/stm32cubeide/plugins/com.st.stm32cube.ide.mcu.externaltools.gnu-tools-for-stm32.9-2020-q2-update.win32_2.0.0.202105311346/tools/bin/../lib/gcc/arm-none-eabi/9.3.1/thumb/v7-m/nofp/crtbegin.o
 *(.bss*)
 .bss.count     0x000000002000008c        0x4 ./Core/Src/global.o
                0x000000002000008c                count
 .bss.valueSetting
                0x0000000020000090        0x4 ./Core/Src/global.o
                0x0000000020000090                valueSetting
 .bss.led_buffer
                0x0000000020000094       0x10 ./Core/Src/global.o
                0x0000000020000094                led_buffer
 .bss.numTask   0x00000000200000a4        0x4 ./Core/Src/scheduler.o
                0x00000000200000a4                numTask
 *(COMMON)
 COMMON         0x00000000200000a8       0x48 ./Core/Src/main.o
                0x00000000200000a8                htim2
 COMMON         0x00000000200000f0      0x320 ./Core/Src/scheduler.o
                0x00000000200000f0                SCH_tasks_G
 COMMON         0x0000000020000410        0x4 ./Drivers/STM32F1xx_HAL_Driver/Src/stm32f1xx_hal.o
                0x0000000020000410                uwTick
                0x0000000020000414                . = ALIGN (0x4)
                0x0000000020000414                _ebss = .
                0x0000000020000414                __bss_end__ = _ebss

._user_heap_stack
                0x0000000020000414      0x604 load address 0x0000000008002d3c
                0x0000000020000418                . = ALIGN (0x8)
 *fill*         0x0000000020000414        0x4 
                [!provide]                        PROVIDE (end = .)
                0x0000000020000418                PROVIDE (_end = .)
                0x0000000020000618                . = (. + _Min_Heap_Size)
 *fill*         0x0000000020000418      0x200 
                0x0000000020000a18                . = (. + _Min_Stack_Size)
 *fill*         0x0000000020000618      0x400 
                0x0000000020000a18                . = ALIGN (0x8)

/DISCARD/
 libc.a(*)
 libm.a(*)
 libgcc.a(*)

.ARM.attributes
                0x0000000000000000       0x29
 *(.ARM.attributes)
 .ARM.attributes
                0x0000000000000000       0x1d d:/stm32/stm32cubeide_1.7.0/stm32cubeide/plugins/com.st.stm32cube.ide.mcu.externaltools.gnu-tools-for-stm32.9-2020-q2-update.win32_2.0.0.202105311346/tools/bin/../lib/gcc/arm-none-eabi/9.3.1/thumb/v7-m/nofp/crti.o
 .ARM.attributes
                0x000000000000001d       0x2d d:/stm32/stm32cubeide_1.7.0/stm32cubeide/plugins/com.st.stm32cube.ide.mcu.externaltools.gnu-tools-for-stm32.9-2020-q2-update.win32_2.0.0.202105311346/tools/bin/../lib/gcc/arm-none-eabi/9.3.1/thumb/v7-m/nofp/crtbegin.o
 .ARM.attributes
                0x000000000000004a       0x2d ./Core/Src/button_reading.o
 .ARM.attributes
                0x0000000000000077       0x2d ./Core/Src/display_7seg.o
 .ARM.attributes
                0x00000000000000a4       0x2d ./Core/Src/fsm_automatic.o
 .ARM.attributes
                0x00000000000000d1       0x2d ./Core/Src/fsm_setting.o
 .ARM.attributes
                0x00000000000000fe       0x33 ./Core/Src/global.o
 .ARM.attributes
                0x0000000000000131       0x2d ./Core/Src/main.o
 .ARM.attributes
                0x000000000000015e       0x2d ./Core/Src/scheduler.o
 .ARM.attributes
                0x000000000000018b       0x2d ./Core/Src/stm32f1xx_hal_msp.o
 .ARM.attributes
                0x00000000000001b8       0x2d ./Core/Src/stm32f1xx_it.o
 .ARM.attributes
                0x00000000000001e5       0x2d ./Core/Src/system_stm32f1xx.o
 .ARM.attributes
                0x0000000000000212       0x21 ./Core/Startup/startup_stm32f103c6ux.o
 .ARM.attributes
                0x0000000000000233       0x2d ./Drivers/STM32F1xx_HAL_Driver/Src/stm32f1xx_hal.o
 .ARM.attributes
                0x0000000000000260       0x2d ./Drivers/STM32F1xx_HAL_Driver/Src/stm32f1xx_hal_cortex.o
 .ARM.attributes
                0x000000000000028d       0x2d ./Drivers/STM32F1xx_HAL_Driver/Src/stm32f1xx_hal_gpio.o
 .ARM.attributes
                0x00000000000002ba       0x2d ./Drivers/STM32F1xx_HAL_Driver/Src/stm32f1xx_hal_rcc.o
 .ARM.attributes
                0x00000000000002e7       0x2d ./Drivers/STM32F1xx_HAL_Driver/Src/stm32f1xx_hal_tim.o
 .ARM.attributes
                0x0000000000000314       0x2d ./Drivers/STM32F1xx_HAL_Driver/Src/stm32f1xx_hal_tim_ex.o
 .ARM.attributes
                0x0000000000000341       0x2d d:/stm32/stm32cubeide_1.7.0/stm32cubeide/plugins/com.st.stm32cube.ide.mcu.externaltools.gnu-tools-for-stm32.9-2020-q2-update.win32_2.0.0.202105311346/tools/bin/../lib/gcc/arm-none-eabi/9.3.1/../../../../arm-none-eabi/lib/thumb/v7-m/nofp\libc_nano.a(lib_a-init.o)
 .ARM.attributes
                0x000000000000036e       0x2d d:/stm32/stm32cubeide_1.7.0/stm32cubeide/plugins/com.st.stm32cube.ide.mcu.externaltools.gnu-tools-for-stm32.9-2020-q2-update.win32_2.0.0.202105311346/tools/bin/../lib/gcc/arm-none-eabi/9.3.1/../../../../arm-none-eabi/lib/thumb/v7-m/nofp\libc_nano.a(lib_a-memset.o)
 .ARM.attributes
                0x000000000000039b       0x1d d:/stm32/stm32cubeide_1.7.0/stm32cubeide/plugins/com.st.stm32cube.ide.mcu.externaltools.gnu-tools-for-stm32.9-2020-q2-update.win32_2.0.0.202105311346/tools/bin/../lib/gcc/arm-none-eabi/9.3.1/thumb/v7-m/nofp/crtn.o
OUTPUT(LAB4.elf elf32-littlearm)
LOAD linker stubs
LOAD d:/stm32/stm32cubeide_1.7.0/stm32cubeide/plugins/com.st.stm32cube.ide.mcu.externaltools.gnu-tools-for-stm32.9-2020-q2-update.win32_2.0.0.202105311346/tools/bin/../lib/gcc/arm-none-eabi/9.3.1/../../../../arm-none-eabi/lib/thumb/v7-m/nofp\libc.a
LOAD d:/stm32/stm32cubeide_1.7.0/stm32cubeide/plugins/com.st.stm32cube.ide.mcu.externaltools.gnu-tools-for-stm32.9-2020-q2-update.win32_2.0.0.202105311346/tools/bin/../lib/gcc/arm-none-eabi/9.3.1/../../../../arm-none-eabi/lib/thumb/v7-m/nofp\libm.a
LOAD d:/stm32/stm32cubeide_1.7.0/stm32cubeide/plugins/com.st.stm32cube.ide.mcu.externaltools.gnu-tools-for-stm32.9-2020-q2-update.win32_2.0.0.202105311346/tools/bin/../lib/gcc/arm-none-eabi/9.3.1/thumb/v7-m/nofp\libgcc.a

.debug_info     0x0000000000000000     0x99b1
 .debug_info    0x0000000000000000      0x351 ./Core/Src/button_reading.o
 .debug_info    0x0000000000000351      0x394 ./Core/Src/display_7seg.o
 .debug_info    0x00000000000006e5      0x334 ./Core/Src/fsm_automatic.o
 .debug_info    0x0000000000000a19      0x329 ./Core/Src/fsm_setting.o
 .debug_info    0x0000000000000d42      0x31f ./Core/Src/global.o
 .debug_info    0x0000000000001061      0xc92 ./Core/Src/main.o
 .debug_info    0x0000000000001cf3      0x3ed ./Core/Src/scheduler.o
 .debug_info    0x00000000000020e0      0xa09 ./Core/Src/stm32f1xx_hal_msp.o
 .debug_info    0x0000000000002ae9      0x7b9 ./Core/Src/stm32f1xx_it.o
 .debug_info    0x00000000000032a2      0x2be ./Core/Src/system_stm32f1xx.o
 .debug_info    0x0000000000003560       0x22 ./Core/Startup/startup_stm32f103c6ux.o
 .debug_info    0x0000000000003582      0x74c ./Drivers/STM32F1xx_HAL_Driver/Src/stm32f1xx_hal.o
 .debug_info    0x0000000000003cce      0xbbe ./Drivers/STM32F1xx_HAL_Driver/Src/stm32f1xx_hal_cortex.o
 .debug_info    0x000000000000488c      0x701 ./Drivers/STM32F1xx_HAL_Driver/Src/stm32f1xx_hal_gpio.o
 .debug_info    0x0000000000004f8d      0x893 ./Drivers/STM32F1xx_HAL_Driver/Src/stm32f1xx_hal_rcc.o
 .debug_info    0x0000000000005820     0x2c12 ./Drivers/STM32F1xx_HAL_Driver/Src/stm32f1xx_hal_tim.o
 .debug_info    0x0000000000008432     0x157f ./Drivers/STM32F1xx_HAL_Driver/Src/stm32f1xx_hal_tim_ex.o

.debug_abbrev   0x0000000000000000     0x1bdc
 .debug_abbrev  0x0000000000000000      0x149 ./Core/Src/button_reading.o
 .debug_abbrev  0x0000000000000149      0x160 ./Core/Src/display_7seg.o
 .debug_abbrev  0x00000000000002a9      0x104 ./Core/Src/fsm_automatic.o
 .debug_abbrev  0x00000000000003ad      0x126 ./Core/Src/fsm_setting.o
 .debug_abbrev  0x00000000000004d3       0xae ./Core/Src/global.o
 .debug_abbrev  0x0000000000000581      0x231 ./Core/Src/main.o
 .debug_abbrev  0x00000000000007b2      0x17e ./Core/Src/scheduler.o
 .debug_abbrev  0x0000000000000930      0x1b7 ./Core/Src/stm32f1xx_hal_msp.o
 .debug_abbrev  0x0000000000000ae7      0x176 ./Core/Src/stm32f1xx_it.o
 .debug_abbrev  0x0000000000000c5d      0x14e ./Core/Src/system_stm32f1xx.o
 .debug_abbrev  0x0000000000000dab       0x12 ./Core/Startup/startup_stm32f103c6ux.o
 .debug_abbrev  0x0000000000000dbd      0x1ed ./Drivers/STM32F1xx_HAL_Driver/Src/stm32f1xx_hal.o
 .debug_abbrev  0x0000000000000faa      0x313 ./Drivers/STM32F1xx_HAL_Driver/Src/stm32f1xx_hal_cortex.o
 .debug_abbrev  0x00000000000012bd      0x1e8 ./Drivers/STM32F1xx_HAL_Driver/Src/stm32f1xx_hal_gpio.o
 .debug_abbrev  0x00000000000014a5      0x273 ./Drivers/STM32F1xx_HAL_Driver/Src/stm32f1xx_hal_rcc.o
 .debug_abbrev  0x0000000000001718      0x25e ./Drivers/STM32F1xx_HAL_Driver/Src/stm32f1xx_hal_tim.o
 .debug_abbrev  0x0000000000001976      0x266 ./Drivers/STM32F1xx_HAL_Driver/Src/stm32f1xx_hal_tim_ex.o

.debug_aranges  0x0000000000000000      0xa60
 .debug_aranges
                0x0000000000000000       0x50 ./Core/Src/button_reading.o
 .debug_aranges
                0x0000000000000050       0x38 ./Core/Src/display_7seg.o
 .debug_aranges
                0x0000000000000088       0x28 ./Core/Src/fsm_automatic.o
 .debug_aranges
                0x00000000000000b0       0x28 ./Core/Src/fsm_setting.o
 .debug_aranges
                0x00000000000000d8       0x18 ./Core/Src/global.o
 .debug_aranges
                0x00000000000000f0       0x48 ./Core/Src/main.o
 .debug_aranges
                0x0000000000000138       0x40 ./Core/Src/scheduler.o
 .debug_aranges
                0x0000000000000178       0x30 ./Core/Src/stm32f1xx_hal_msp.o
 .debug_aranges
                0x00000000000001a8       0x68 ./Core/Src/stm32f1xx_it.o
 .debug_aranges
                0x0000000000000210       0x28 ./Core/Src/system_stm32f1xx.o
 .debug_aranges
                0x0000000000000238       0x28 ./Core/Startup/startup_stm32f103c6ux.o
 .debug_aranges
                0x0000000000000260       0xe0 ./Drivers/STM32F1xx_HAL_Driver/Src/stm32f1xx_hal.o
 .debug_aranges
                0x0000000000000340      0x100 ./Drivers/STM32F1xx_HAL_Driver/Src/stm32f1xx_hal_cortex.o
 .debug_aranges
                0x0000000000000440       0x58 ./Drivers/STM32F1xx_HAL_Driver/Src/stm32f1xx_hal_gpio.o
 .debug_aranges
                0x0000000000000498       0x90 ./Drivers/STM32F1xx_HAL_Driver/Src/stm32f1xx_hal_rcc.o
 .debug_aranges
                0x0000000000000528      0x3d0 ./Drivers/STM32F1xx_HAL_Driver/Src/stm32f1xx_hal_tim.o
 .debug_aranges
                0x00000000000008f8      0x168 ./Drivers/STM32F1xx_HAL_Driver/Src/stm32f1xx_hal_tim_ex.o

.debug_ranges   0x0000000000000000      0x968
 .debug_ranges  0x0000000000000000       0x40 ./Core/Src/button_reading.o
 .debug_ranges  0x0000000000000040       0x28 ./Core/Src/display_7seg.o
 .debug_ranges  0x0000000000000068       0x18 ./Core/Src/fsm_automatic.o
 .debug_ranges  0x0000000000000080       0x18 ./Core/Src/fsm_setting.o
 .debug_ranges  0x0000000000000098       0x38 ./Core/Src/main.o
 .debug_ranges  0x00000000000000d0       0x48 ./Core/Src/scheduler.o
 .debug_ranges  0x0000000000000118       0x20 ./Core/Src/stm32f1xx_hal_msp.o
 .debug_ranges  0x0000000000000138       0x58 ./Core/Src/stm32f1xx_it.o
 .debug_ranges  0x0000000000000190       0x18 ./Core/Src/system_stm32f1xx.o
 .debug_ranges  0x00000000000001a8       0x20 ./Core/Startup/startup_stm32f103c6ux.o
 .debug_ranges  0x00000000000001c8       0xd0 ./Drivers/STM32F1xx_HAL_Driver/Src/stm32f1xx_hal.o
 .debug_ranges  0x0000000000000298       0xf0 ./Drivers/STM32F1xx_HAL_Driver/Src/stm32f1xx_hal_cortex.o
 .debug_ranges  0x0000000000000388       0x48 ./Drivers/STM32F1xx_HAL_Driver/Src/stm32f1xx_hal_gpio.o
 .debug_ranges  0x00000000000003d0       0x80 ./Drivers/STM32F1xx_HAL_Driver/Src/stm32f1xx_hal_rcc.o
 .debug_ranges  0x0000000000000450      0x3c0 ./Drivers/STM32F1xx_HAL_Driver/Src/stm32f1xx_hal_tim.o
 .debug_ranges  0x0000000000000810      0x158 ./Drivers/STM32F1xx_HAL_Driver/Src/stm32f1xx_hal_tim_ex.o

.debug_macro    0x0000000000000000    0x16f54
 .debug_macro   0x0000000000000000      0x1b9 ./Core/Src/button_reading.o
 .debug_macro   0x00000000000001b9      0xa9c ./Core/Src/button_reading.o
 .debug_macro   0x0000000000000c55       0x16 ./Core/Src/button_reading.o
 .debug_macro   0x0000000000000c6b      0x215 ./Core/Src/button_reading.o
 .debug_macro   0x0000000000000e80       0x2e ./Core/Src/button_reading.o
 .debug_macro   0x0000000000000eae       0x22 ./Core/Src/button_reading.o
 .debug_macro   0x0000000000000ed0       0x22 ./Core/Src/button_reading.o
 .debug_macro   0x0000000000000ef2       0x8e ./Core/Src/button_reading.o
 .debug_macro   0x0000000000000f80       0x51 ./Core/Src/button_reading.o
 .debug_macro   0x0000000000000fd1      0x103 ./Core/Src/button_reading.o
 .debug_macro   0x00000000000010d4       0x6a ./Core/Src/button_reading.o
 .debug_macro   0x000000000000113e      0x1df ./Core/Src/button_reading.o
 .debug_macro   0x000000000000131d       0x1c ./Core/Src/button_reading.o
 .debug_macro   0x0000000000001339       0x22 ./Core/Src/button_reading.o
 .debug_macro   0x000000000000135b       0xc3 ./Core/Src/button_reading.o
 .debug_macro   0x000000000000141e      0xd23 ./Core/Src/button_reading.o
 .debug_macro   0x0000000000002141     0xde75 ./Core/Src/button_reading.o
 .debug_macro   0x000000000000ffb6       0x6d ./Core/Src/button_reading.o
 .debug_macro   0x0000000000010023     0x348d ./Core/Src/button_reading.o
 .debug_macro   0x00000000000134b0      0x174 ./Core/Src/button_reading.o
 .debug_macro   0x0000000000013624       0x5c ./Core/Src/button_reading.o
 .debug_macro   0x0000000000013680      0x5bc ./Core/Src/button_reading.o
 .debug_macro   0x0000000000013c3c      0x1b7 ./Core/Src/button_reading.o
 .debug_macro   0x0000000000013df3      0x1cb ./Core/Src/button_reading.o
 .debug_macro   0x0000000000013fbe      0x114 ./Core/Src/button_reading.o
 .debug_macro   0x00000000000140d2      0x1b2 ./Core/Src/button_reading.o
 .debug_macro   0x0000000000014284       0x27 ./Core/Src/button_reading.o
 .debug_macro   0x00000000000142ab      0x12f ./Core/Src/button_reading.o
 .debug_macro   0x00000000000143da      0x1bc ./Core/Src/button_reading.o
 .debug_macro   0x0000000000014596       0x34 ./Core/Src/button_reading.o
 .debug_macro   0x00000000000145ca       0x3c ./Core/Src/button_reading.o
 .debug_macro   0x0000000000014606       0x57 ./Core/Src/button_reading.o
 .debug_macro   0x000000000001465d       0x87 ./Core/Src/button_reading.o
 .debug_macro   0x00000000000146e4      0x183 ./Core/Src/button_reading.o
 .debug_macro   0x0000000000014867      0x140 ./Core/Src/button_reading.o
 .debug_macro   0x00000000000149a7      0x8ed ./Core/Src/button_reading.o
 .debug_macro   0x0000000000015294       0x69 ./Core/Src/button_reading.o
 .debug_macro   0x00000000000152fd      0x100 ./Core/Src/button_reading.o
 .debug_macro   0x00000000000153fd      0x1fb ./Core/Src/display_7seg.o
 .debug_macro   0x00000000000155f8       0x22 ./Core/Src/display_7seg.o
 .debug_macro   0x000000000001561a       0x34 ./Core/Src/display_7seg.o
 .debug_macro   0x000000000001564e       0x28 ./Core/Src/display_7seg.o
 .debug_macro   0x0000000000015676       0x16 ./Core/Src/display_7seg.o
 .debug_macro   0x000000000001568c      0x1f7 ./Core/Src/fsm_automatic.o
 .debug_macro   0x0000000000015883      0x1ff ./Core/Src/fsm_setting.o
 .debug_macro   0x0000000000015a82      0x1e7 ./Core/Src/global.o
 .debug_macro   0x0000000000015c69      0x1eb ./Core/Src/main.o
 .debug_macro   0x0000000000015e54      0x1e7 ./Core/Src/scheduler.o
 .debug_macro   0x000000000001603b      0x1a6 ./Core/Src/stm32f1xx_hal_msp.o
 .debug_macro   0x00000000000161e1      0x1b0 ./Core/Src/stm32f1xx_it.o
 .debug_macro   0x0000000000016391      0x197 ./Core/Src/system_stm32f1xx.o
 .debug_macro   0x0000000000016528      0x1bb ./Drivers/STM32F1xx_HAL_Driver/Src/stm32f1xx_hal.o
 .debug_macro   0x00000000000166e3      0x197 ./Drivers/STM32F1xx_HAL_Driver/Src/stm32f1xx_hal_cortex.o
 .debug_macro   0x000000000001687a      0x202 ./Drivers/STM32F1xx_HAL_Driver/Src/stm32f1xx_hal_gpio.o
 .debug_macro   0x0000000000016a7c      0x1a9 ./Drivers/STM32F1xx_HAL_Driver/Src/stm32f1xx_hal_rcc.o
 .debug_macro   0x0000000000016c25      0x198 ./Drivers/STM32F1xx_HAL_Driver/Src/stm32f1xx_hal_tim.o
 .debug_macro   0x0000000000016dbd      0x197 ./Drivers/STM32F1xx_HAL_Driver/Src/stm32f1xx_hal_tim_ex.o

.debug_line     0x0000000000000000     0xc381
 .debug_line    0x0000000000000000      0x818 ./Core/Src/button_reading.o
 .debug_line    0x0000000000000818      0x835 ./Core/Src/display_7seg.o
 .debug_line    0x000000000000104d      0x819 ./Core/Src/fsm_automatic.o
 .debug_line    0x0000000000001866      0x84d ./Core/Src/fsm_setting.o
 .debug_line    0x00000000000020b3      0x6c6 ./Core/Src/global.o
 .debug_line    0x0000000000002779      0x800 ./Core/Src/main.o
 .debug_line    0x0000000000002f79      0x820 ./Core/Src/scheduler.o
 .debug_line    0x0000000000003799      0x6ad ./Core/Src/stm32f1xx_hal_msp.o
 .debug_line    0x0000000000003e46      0x74b ./Core/Src/stm32f1xx_it.o
 .debug_line    0x0000000000004591      0x6ef ./Core/Src/system_stm32f1xx.o
 .debug_line    0x0000000000004c80       0x86 ./Core/Startup/startup_stm32f103c6ux.o
 .debug_line    0x0000000000004d06      0x91c ./Drivers/STM32F1xx_HAL_Driver/Src/stm32f1xx_hal.o
 .debug_line    0x0000000000005622      0xb04 ./Drivers/STM32F1xx_HAL_Driver/Src/stm32f1xx_hal_cortex.o
 .debug_line    0x0000000000006126      0x99f ./Drivers/STM32F1xx_HAL_Driver/Src/stm32f1xx_hal_gpio.o
 .debug_line    0x0000000000006ac5      0xd28 ./Drivers/STM32F1xx_HAL_Driver/Src/stm32f1xx_hal_rcc.o
 .debug_line    0x00000000000077ed     0x3352 ./Drivers/STM32F1xx_HAL_Driver/Src/stm32f1xx_hal_tim.o
 .debug_line    0x000000000000ab3f     0x1842 ./Drivers/STM32F1xx_HAL_Driver/Src/stm32f1xx_hal_tim_ex.o

.debug_str      0x0000000000000000    0x824c1
 .debug_str     0x0000000000000000    0x7f865 ./Core/Src/button_reading.o
                                      0x7fba1 (size before relaxing)
 .debug_str     0x000000000007f865      0x206 ./Core/Src/display_7seg.o
                                      0x7fcec (size before relaxing)
 .debug_str     0x000000000007fa6b       0x34 ./Core/Src/fsm_automatic.o
                                      0x7fcb8 (size before relaxing)
 .debug_str     0x000000000007fa9f       0x30 ./Core/Src/fsm_setting.o
                                      0x7fcae (size before relaxing)
 .debug_str     0x000000000007facf       0x15 ./Core/Src/global.o
                                      0x7fc68 (size before relaxing)
 .debug_str     0x000000000007fae4      0x6fb ./Core/Src/main.o
                                      0x80429 (size before relaxing)
 .debug_str     0x00000000000801df       0xa0 ./Core/Src/scheduler.o
                                      0x7fd0d (size before relaxing)
 .debug_str     0x000000000008027f      0x2ba ./Core/Src/stm32f1xx_hal_msp.o
                                      0x8025a (size before relaxing)
 .debug_str     0x0000000000080539       0xcd ./Core/Src/stm32f1xx_it.o
                                      0x7ffbc (size before relaxing)
 .debug_str     0x0000000000080606       0x52 ./Core/Src/system_stm32f1xx.o
                                      0x7f6dc (size before relaxing)
 .debug_str     0x0000000000080658       0x36 ./Core/Startup/startup_stm32f103c6ux.o
                                         0x6b (size before relaxing)
 .debug_str     0x000000000008068e      0x304 ./Drivers/STM32F1xx_HAL_Driver/Src/stm32f1xx_hal.o
                                      0x7fd33 (size before relaxing)
 .debug_str     0x0000000000080992      0x300 ./Drivers/STM32F1xx_HAL_Driver/Src/stm32f1xx_hal_cortex.o
                                      0x7fd3b (size before relaxing)
 .debug_str     0x0000000000080c92      0x324 ./Drivers/STM32F1xx_HAL_Driver/Src/stm32f1xx_hal_gpio.o
                                      0x7faa0 (size before relaxing)
 .debug_str     0x0000000000080fb6      0x24f ./Drivers/STM32F1xx_HAL_Driver/Src/stm32f1xx_hal_rcc.o
                                      0x7fad9 (size before relaxing)
 .debug_str     0x0000000000081205      0xdce ./Drivers/STM32F1xx_HAL_Driver/Src/stm32f1xx_hal_tim.o
                                      0x80ab2 (size before relaxing)
 .debug_str     0x0000000000081fd3      0x4ee ./Drivers/STM32F1xx_HAL_Driver/Src/stm32f1xx_hal_tim_ex.o
                                      0x80263 (size before relaxing)

.comment        0x0000000000000000       0x53
 .comment       0x0000000000000000       0x53 ./Core/Src/button_reading.o
                                         0x54 (size before relaxing)
 .comment       0x0000000000000053       0x54 ./Core/Src/display_7seg.o
 .comment       0x0000000000000053       0x54 ./Core/Src/fsm_automatic.o
 .comment       0x0000000000000053       0x54 ./Core/Src/fsm_setting.o
 .comment       0x0000000000000053       0x54 ./Core/Src/global.o
 .comment       0x0000000000000053       0x54 ./Core/Src/main.o
 .comment       0x0000000000000053       0x54 ./Core/Src/scheduler.o
 .comment       0x0000000000000053       0x54 ./Core/Src/stm32f1xx_hal_msp.o
 .comment       0x0000000000000053       0x54 ./Core/Src/stm32f1xx_it.o
 .comment       0x0000000000000053       0x54 ./Core/Src/system_stm32f1xx.o
 .comment       0x0000000000000053       0x54 ./Drivers/STM32F1xx_HAL_Driver/Src/stm32f1xx_hal.o
 .comment       0x0000000000000053       0x54 ./Drivers/STM32F1xx_HAL_Driver/Src/stm32f1xx_hal_cortex.o
 .comment       0x0000000000000053       0x54 ./Drivers/STM32F1xx_HAL_Driver/Src/stm32f1xx_hal_gpio.o
 .comment       0x0000000000000053       0x54 ./Drivers/STM32F1xx_HAL_Driver/Src/stm32f1xx_hal_rcc.o
 .comment       0x0000000000000053       0x54 ./Drivers/STM32F1xx_HAL_Driver/Src/stm32f1xx_hal_tim.o
 .comment       0x0000000000000053       0x54 ./Drivers/STM32F1xx_HAL_Driver/Src/stm32f1xx_hal_tim_ex.o

.debug_frame    0x0000000000000000     0x28b0
 .debug_frame   0x0000000000000000       0xe0 ./Core/Src/button_reading.o
 .debug_frame   0x00000000000000e0       0xa0 ./Core/Src/display_7seg.o
 .debug_frame   0x0000000000000180       0x48 ./Core/Src/fsm_automatic.o
 .debug_frame   0x00000000000001c8       0x50 ./Core/Src/fsm_setting.o
 .debug_frame   0x0000000000000218       0xd4 ./Core/Src/main.o
 .debug_frame   0x00000000000002ec       0xd0 ./Core/Src/scheduler.o
 .debug_frame   0x00000000000003bc       0x80 ./Core/Src/stm32f1xx_hal_msp.o
 .debug_frame   0x000000000000043c      0x120 ./Core/Src/stm32f1xx_it.o
 .debug_frame   0x000000000000055c       0x58 ./Core/Src/system_stm32f1xx.o
 .debug_frame   0x00000000000005b4      0x334 ./Drivers/STM32F1xx_HAL_Driver/Src/stm32f1xx_hal.o
 .debug_frame   0x00000000000008e8      0x428 ./Drivers/STM32F1xx_HAL_Driver/Src/stm32f1xx_hal_cortex.o
 .debug_frame   0x0000000000000d10      0x14c ./Drivers/STM32F1xx_HAL_Driver/Src/stm32f1xx_hal_gpio.o
 .debug_frame   0x0000000000000e5c      0x218 ./Drivers/STM32F1xx_HAL_Driver/Src/stm32f1xx_hal_rcc.o
 .debug_frame   0x0000000000001074     0x11b8 ./Drivers/STM32F1xx_HAL_Driver/Src/stm32f1xx_hal_tim.o
 .debug_frame   0x000000000000222c      0x638 ./Drivers/STM32F1xx_HAL_Driver/Src/stm32f1xx_hal_tim_ex.o
 .debug_frame   0x0000000000002864       0x2c d:/stm32/stm32cubeide_1.7.0/stm32cubeide/plugins/com.st.stm32cube.ide.mcu.externaltools.gnu-tools-for-stm32.9-2020-q2-update.win32_2.0.0.202105311346/tools/bin/../lib/gcc/arm-none-eabi/9.3.1/../../../../arm-none-eabi/lib/thumb/v7-m/nofp\libc_nano.a(lib_a-init.o)
 .debug_frame   0x0000000000002890       0x20 d:/stm32/stm32cubeide_1.7.0/stm32cubeide/plugins/com.st.stm32cube.ide.mcu.externaltools.gnu-tools-for-stm32.9-2020-q2-update.win32_2.0.0.202105311346/tools/bin/../lib/gcc/arm-none-eabi/9.3.1/../../../../arm-none-eabi/lib/thumb/v7-m/nofp\libc_nano.a(lib_a-memset.o)
